Component: ARM Compiler 5.06 update 6 (build 750) Tool: armlink [4d35ed]

==============================================================================

Section Cross References

    retarget.o(i._ttywrch) refers to retarget.o(i.sendchar) for sendchar
    retarget.o(i.fgetc) refers to retarget.o(i.getkey) for getkey
    retarget.o(i.fgetc) refers to retarget.o(i.sendchar) for sendchar
    retarget.o(i.fputc) refers to retarget.o(i.sendchar) for sendchar
    retarget.o(i.getkey) refers to uart.o(i.UARTInit) for UARTInit
    retarget.o(i.getkey) refers to uart.o(i.UARTReceiveChar) for UARTReceiveChar
    retarget.o(i.getkey) refers to retarget.o(.data) for uart_init_called
    retarget.o(i.sendchar) refers to uart.o(i.UARTInit) for UARTInit
    retarget.o(i.sendchar) refers to uart.o(i.UARTSendChar) for UARTSendChar
    retarget.o(i.sendchar) refers to retarget.o(.data) for uart_init_called
    uart.o(i.FreeRcv) refers to uart.o(i.Free) for Free
    uart.o(i.FreeRcv) refers to uart.o(.data) for RcvLock0
    uart.o(i.FreeSnd) refers to uart.o(i.Free) for Free
    uart.o(i.FreeSnd) refers to uart.o(.data) for SndLock0
    uart.o(i.LockRcv) refers to uart.o(i.Lock) for Lock
    uart.o(i.LockRcv) refers to uart.o(.data) for RcvLock0
    uart.o(i.LockSnd) refers to uart.o(i.Lock) for Lock
    uart.o(i.LockSnd) refers to uart.o(.data) for SndLock0
    uart.o(i.UART0_IRQHandler) refers to uart.o(.bss) for UART0Buffer
    uart.o(i.UART0_IRQHandler) refers to uart.o(.data) for UART0Count
    uart.o(i.UART1_IRQHandler) refers to uart.o(.bss) for UART1Buffer
    uart.o(i.UART1_IRQHandler) refers to uart.o(.data) for UART1Count
    uart.o(i.UARTInit) refers to uart.o(i.getFrequency) for getFrequency
    uart.o(i.UARTInit) refers to uart.o(i.__NVIC_EnableIRQ) for __NVIC_EnableIRQ
    uart.o(i.UARTInit) refers to uart.o(i.FreeRcv) for FreeRcv
    uart.o(i.UARTInit) refers to uart.o(i.FreeSnd) for FreeSnd
    uart.o(i.UARTRecieve) refers to uart.o(i.LockRcv) for LockRcv
    uart.o(i.UARTRecieve) refers to uart.o(i.FreeRcv) for FreeRcv
    uart.o(i.UARTRecieve) refers to uart.o(.data) for UART0Count
    uart.o(i.UARTRecieve) refers to uart.o(.bss) for UART0Buffer
    uart.o(i.UARTSend) refers to uart.o(i.LockSnd) for LockSnd
    uart.o(i.UARTSend) refers to uart.o(i.FreeSnd) for FreeSnd
    uart.o(i.UARTSend) refers to uart.o(.data) for UART0TxEmpty
    uart.o(i.getFrequency) refers to system_lpc17xx.o(.data) for SystemCoreClock
    main.o(i.client) refers to main.o(i.getTicks) for getTicks
    main.o(i.client) refers to rtx_delay.o(.text.osDelay) for osDelay
    main.o(i.client) refers to rtx_msgqueue.o(.text.osMessageQueuePut) for osMessageQueuePut
    main.o(i.client) refers to rtx_thread.o(.text.osThreadYield) for osThreadYield
    main.o(i.client) refers to main.o(.data) for ARRIVALRATE
    main.o(i.getTicks) refers to random.o(i.next_event) for next_event
    main.o(i.getTicks) refers to rtx_kernel.o(.text.osKernelGetTickFreq) for osKernelGetTickFreq
    main.o(i.main) refers to rtx_kernel.o(.text.osKernelInitialize) for osKernelInitialize
    main.o(i.main) refers to rtx_msgqueue.o(.text.osMessageQueueNew) for osMessageQueueNew
    main.o(i.main) refers to rtx_thread.o(.text.osThreadNew) for osThreadNew
    main.o(i.main) refers to rtx_kernel.o(.text.osKernelStart) for osKernelStart
    main.o(i.main) refers to main.o(.data) for QSIZE
    main.o(i.main) refers to main.o(i.client) for client
    main.o(i.main) refers to main.o(i.server) for server
    main.o(i.main) refers to main.o(i.monitor) for monitor
    main.o(i.monitor) refers to rtx_kernel.o(.text.osKernelGetTickFreq) for osKernelGetTickFreq
    main.o(i.monitor) refers to rtx_delay.o(.text.osDelay) for osDelay
    main.o(i.monitor) refers to printf1.o(i.__0printf$1) for __2printf
    main.o(i.monitor) refers to rtx_thread.o(.text.osThreadYield) for osThreadYield
    main.o(i.monitor) refers to main.o(.data) for currentTime
    main.o(i.monitor) refers to main.o(.conststring) for .conststring
    main.o(i.server) refers to main.o(i.getTicks) for getTicks
    main.o(i.server) refers to rtx_delay.o(.text.osDelay) for osDelay
    main.o(i.server) refers to rtx_msgqueue.o(.text.osMessageQueueGet) for osMessageQueueGet
    main.o(i.server) refers to rtx_thread.o(.text.osThreadYield) for osThreadYield
    main.o(i.server) refers to main.o(.data) for SERVICERATE
    lfsr113.o(i.lfsr113) refers to lfsr113.o(.data) for z1
    random.o(i.next_event) refers to lfsr113.o(i.lfsr113) for lfsr113
    random.o(i.next_event) refers to random.o(.data) for ln_table
    rtx_lib.o(.constdata) refers to rtx_lib.o(.bss.os.thread.cb) for os_idle_thread_cb
    rtx_lib.o(.constdata) refers to rtx_lib.o(.bss.os.thread.stack) for os_idle_thread_stack
    rtx_lib.o(.constdata) refers to rtx_lib.o(.bss.os.msgqueue.cb) for os_timer_mq_cb
    rtx_lib.o(.constdata) refers to rtx_lib.o(.bss.os.msgqueue.mem) for os_timer_mq_data
[...]
    Removing rtx_thread.o(.ARM.exidx.text.osRtxThreadWaitExit), (8 bytes).
    Removing rtx_thread.o(.ARM.exidx.text.osRtxThreadDelayRemove), (8 bytes).
    Removing rtx_thread.o(.ARM.exidx.text.osRtxThreadWaitEnter), (8 bytes).
    Removing rtx_thread.o(.ARM.exidx.text.osRtxThreadDelayInsert), (8 bytes).
    Removing rtx_thread.o(.ARM.exidx.text.osRtxThreadStartup), (8 bytes).
    Removing rtx_thread.o(.ARM.exidx.text.svcRtxThreadNew), (8 bytes).
    Removing rtx_thread.o(.ARM.exidx.text.osThreadNew), (8 bytes).
    Removing rtx_thread.o(.text.osThreadGetName), (36 bytes).
    Removing rtx_thread.o(.ARM.exidx.text.osThreadGetName), (8 bytes).
    Removing rtx_thread.o(.text.osThreadGetId), (40 bytes).
    Removing rtx_thread.o(.ARM.exidx.text.osThreadGetId), (8 bytes).
    Removing rtx_thread.o(.text.svcRtxThreadGetId), (12 bytes).
    Removing rtx_thread.o(.ARM.exidx.text.svcRtxThreadGetId), (8 bytes).
    Removing rtx_thread.o(.text.osThreadGetState), (36 bytes).
    Removing rtx_thread.o(.ARM.exidx.text.osThreadGetState), (8 bytes).
    Removing rtx_thread.o(.text.osThreadGetStackSize), (36 bytes).
    Removing rtx_thread.o(.ARM.exidx.text.osThreadGetStackSize), (8 bytes).
    Removing rtx_thread.o(.text.osThreadGetStackSpace), (36 bytes).
    Removing rtx_thread.o(.ARM.exidx.text.osThreadGetStackSpace), (8 bytes).
    Removing rtx_thread.o(.text.osThreadSetPriority), (36 bytes).
    Removing rtx_thread.o(.ARM.exidx.text.osThreadSetPriority), (8 bytes).
    Removing rtx_thread.o(.text.osThreadGetPriority), (36 bytes).
    Removing rtx_thread.o(.ARM.exidx.text.osThreadGetPriority), (8 bytes).
    Removing rtx_thread.o(.ARM.exidx.text.osThreadYield), (8 bytes).
    Removing rtx_thread.o(.text.osThreadSuspend), (36 bytes).
    Removing rtx_thread.o(.ARM.exidx.text.osThreadSuspend), (8 bytes).
    Removing rtx_thread.o(.text.osThreadResume), (36 bytes).
    Removing rtx_thread.o(.ARM.exidx.text.osThreadResume), (8 bytes).
    Removing rtx_thread.o(.text.osThreadDetach), (36 bytes).
    Removing rtx_thread.o(.ARM.exidx.text.osThreadDetach), (8 bytes).
    Removing rtx_thread.o(.text.osThreadJoin), (36 bytes).
    Removing rtx_thread.o(.ARM.exidx.text.osThreadJoin), (8 bytes).
    Removing rtx_thread.o(.ARM.exidx.text.osThreadExit), (8 bytes).
    Removing rtx_thread.o(.text.osThreadTerminate), (36 bytes).
    Removing rtx_thread.o(.ARM.exidx.text.osThreadTerminate), (8 bytes).
    Removing rtx_thread.o(.text.osThreadGetCount), (36 bytes).
    Removing rtx_thread.o(.ARM.exidx.text.osThreadGetCount), (8 bytes).
    Removing rtx_thread.o(.text.osThreadEnumerate), (36 bytes).
    Removing rtx_thread.o(.ARM.exidx.text.osThreadEnumerate), (8 bytes).
    Removing rtx_thread.o(.text.osThreadFlagsSet), (88 bytes).
    Removing rtx_thread.o(.ARM.exidx.text.osThreadFlagsSet), (8 bytes).
    Removing rtx_thread.o(.text.osThreadFlagsClear), (36 bytes).
    Removing rtx_thread.o(.ARM.exidx.text.osThreadFlagsClear), (8 bytes).
    Removing rtx_thread.o(.text.osThreadFlagsGet), (36 bytes).
    Removing rtx_thread.o(.ARM.exidx.text.osThreadFlagsGet), (8 bytes).
    Removing rtx_thread.o(.text.osThreadFlagsWait), (36 bytes).
    Removing rtx_thread.o(.ARM.exidx.text.osThreadFlagsWait), (8 bytes).
    Removing rtx_thread.o(.ARM.exidx.text.osRtxThreadPostProcess), (8 bytes).
    Removing rtx_thread.o(.ARM.exidx.text.ThreadFlagsCheck), (8 bytes).
    Removing rtx_thread.o(.text.svcRtxThreadGetName), (16 bytes).
    Removing rtx_thread.o(.ARM.exidx.text.svcRtxThreadGetName), (8 bytes).
    Removing rtx_thread.o(.text.svcRtxThreadGetState), (22 bytes).
    Removing rtx_thread.o(.ARM.exidx.text.svcRtxThreadGetState), (8 bytes).
    Removing rtx_thread.o(.text.svcRtxThreadGetStackSize), (16 bytes).
    Removing rtx_thread.o(.ARM.exidx.text.svcRtxThreadGetStackSize), (8 bytes).
    Removing rtx_thread.o(.text.svcRtxThreadGetStackSpace), (60 bytes).
    Removing rtx_thread.o(.ARM.exidx.text.svcRtxThreadGetStackSpace), (8 bytes).
    Removing rtx_thread.o(.text.svcRtxThreadSetPriority), (76 bytes).
    Removing rtx_thread.o(.ARM.exidx.text.svcRtxThreadSetPriority), (8 bytes).
    Removing rtx_thread.o(.text.svcRtxThreadGetPriority), (26 bytes).
    Removing rtx_thread.o(.ARM.exidx.text.svcRtxThreadGetPriority), (8 bytes).
    Removing rtx_thread.o(.ARM.exidx.text.svcRtxThreadYield), (8 bytes).
    Removing rtx_thread.o(.text.svcRtxThreadSuspend), (136 bytes).
    Removing rtx_thread.o(.ARM.exidx.text.svcRtxThreadSuspend), (8 bytes).
    Removing rtx_thread.o(.text.svcRtxThreadResume), (56 bytes).
    Removing rtx_thread.o(.ARM.exidx.text.svcRtxThreadResume), (8 bytes).
    Removing rtx_thread.o(.text.svcRtxThreadDetach), (60 bytes).
    Removing rtx_thread.o(.ARM.exidx.text.svcRtxThreadDetach), (8 bytes).
    Removing rtx_thread.o(.text.osRtxThreadListUnlink), (32 bytes).
    Removing rtx_thread.o(.ARM.exidx.text.osRtxThreadListUnlink), (8 bytes).
    Removing rtx_thread.o(.ARM.exidx.text.osRtxThreadFree), (8 bytes).
    Removing rtx_thread.o(.text.svcRtxThreadJoin), (88 bytes).
    Removing rtx_thread.o(.ARM.exidx.text.svcRtxThreadJoin), (8 bytes).
    Removing rtx_thread.o(.ARM.exidx.text.svcRtxThreadExit), (8 bytes).
    Removing rtx_thread.o(.text.svcRtxThreadTerminate), (188 bytes).
    Removing rtx_thread.o(.ARM.exidx.text.svcRtxThreadTerminate), (8 bytes).
    Removing rtx_thread.o(.text.svcRtxThreadGetCount), (52 bytes).
    Removing rtx_thread.o(.ARM.exidx.text.svcRtxThreadGetCount), (8 bytes).
    Removing rtx_thread.o(.text.svcRtxThreadEnumerate), (92 bytes).
    Removing rtx_thread.o(.ARM.exidx.text.svcRtxThreadEnumerate), (8 bytes).
    Removing rtx_thread.o(.text.svcRtxThreadFlagsSet), (102 bytes).
    Removing rtx_thread.o(.ARM.exidx.text.svcRtxThreadFlagsSet), (8 bytes).
    Removing rtx_thread.o(.text.svcRtxThreadFlagsClear), (52 bytes).
    Removing rtx_thread.o(.ARM.exidx.text.svcRtxThreadFlagsClear), (8 bytes).
    Removing rtx_thread.o(.text.svcRtxThreadFlagsGet), (20 bytes).
    Removing rtx_thread.o(.ARM.exidx.text.svcRtxThreadFlagsGet), (8 bytes).
    Removing rtx_thread.o(.text.svcRtxThreadFlagsWait), (76 bytes).
    Removing rtx_thread.o(.ARM.exidx.text.svcRtxThreadFlagsWait), (8 bytes).
    Removing rtx_delay.o(.text), (0 bytes).
    Removing rtx_delay.o(.ARM.exidx.text.osDelay), (8 bytes).
    Removing rtx_delay.o(.text.osDelayUntil), (36 bytes).
    Removing rtx_delay.o(.ARM.exidx.text.osDelayUntil), (8 bytes).
    Removing rtx_delay.o(.ARM.exidx.text.svcRtxDelay), (8 bytes).
    Removing rtx_delay.o(.text.svcRtxDelayUntil), (32 bytes).
    Removing rtx_delay.o(.ARM.exidx.text.svcRtxDelayUntil), (8 bytes).
    Removing rtx_msgqueue.o(.text), (0 bytes).
    Removing rtx_msgqueue.o(.ARM.exidx.text.osMessageQueueNew), (8 bytes).
    Removing rtx_msgqueue.o(.text.osMessageQueueGetName), (36 bytes).
    Removing rtx_msgqueue.o(.ARM.exidx.text.osMessageQueueGetName), (8 bytes).
    Removing rtx_msgqueue.o(.ARM.exidx.text.osMessageQueuePut), (8 bytes).
    Removing rtx_msgqueue.o(.ARM.exidx.text.osMessageQueueGet), (8 bytes).
    Removing rtx_msgqueue.o(.text.osMessageQueueGetCapacity), (48 bytes).
    Removing rtx_msgqueue.o(.ARM.exidx.text.osMessageQueueGetCapacity), (8 bytes).
    Removing rtx_msgqueue.o(.text.svcRtxMessageQueueGetCapacity), (16 bytes).
    Removing rtx_msgqueue.o(.ARM.exidx.text.svcRtxMessageQueueGetCapacity), (8 bytes).
    Removing rtx_msgqueue.o(.text.osMessageQueueGetMsgSize), (48 bytes).
    Removing rtx_msgqueue.o(.ARM.exidx.text.osMessageQueueGetMsgSize), (8 bytes).
    Removing rtx_msgqueue.o(.text.svcRtxMessageQueueGetMsgSize), (16 bytes).
    Removing rtx_msgqueue.o(.ARM.exidx.text.svcRtxMessageQueueGetMsgSize), (8 bytes).
    Removing rtx_msgqueue.o(.text.osMessageQueueGetCount), (48 bytes).
    Removing rtx_msgqueue.o(.ARM.exidx.text.osMessageQueueGetCount), (8 bytes).
    Removing rtx_msgqueue.o(.text.svcRtxMessageQueueGetCount), (16 bytes).
    Removing rtx_msgqueue.o(.ARM.exidx.text.svcRtxMessageQueueGetCount), (8 bytes).
    Removing rtx_msgqueue.o(.text.osMessageQueueGetSpace), (36 bytes).
    Removing rtx_msgqueue.o(.ARM.exidx.text.osMessageQueueGetSpace), (8 bytes).
    Removing rtx_msgqueue.o(.text.svcRtxMessageQueueGetSpace), (20 bytes).
    Removing rtx_msgqueue.o(.ARM.exidx.text.svcRtxMessageQueueGetSpace), (8 bytes).
    Removing rtx_msgqueue.o(.text.osMessageQueueReset), (36 bytes).
    Removing rtx_msgqueue.o(.ARM.exidx.text.osMessageQueueReset), (8 bytes).
    Removing rtx_msgqueue.o(.text.osMessageQueueDelete), (36 bytes).
    Removing rtx_msgqueue.o(.ARM.exidx.text.osMessageQueueDelete), (8 bytes).
    Removing rtx_msgqueue.o(.ARM.exidx.text.svcRtxMessageQueueNew), (8 bytes).
    Removing rtx_msgqueue.o(.ARM.exidx.text.osRtxMessageQueuePostProcess), (8 bytes).
    Removing rtx_msgqueue.o(.ARM.exidx.text.MessageQueueRemove), (8 bytes).
    Removing rtx_msgqueue.o(.ARM.exidx.text.MessageQueuePut), (8 bytes).
    Removing rtx_msgqueue.o(.text.svcRtxMessageQueueGetName), (16 bytes).
    Removing rtx_msgqueue.o(.ARM.exidx.text.svcRtxMessageQueueGetName), (8 bytes).
    Removing rtx_msgqueue.o(.ARM.exidx.text.svcRtxMessageQueuePut), (8 bytes).
    Removing rtx_msgqueue.o(.ARM.exidx.text.MessageQueueGet), (8 bytes).
    Removing rtx_msgqueue.o(.ARM.exidx.text.svcRtxMessageQueueGet), (8 bytes).
    Removing rtx_msgqueue.o(.text.svcRtxMessageQueueReset), (168 bytes).
    Removing rtx_msgqueue.o(.ARM.exidx.text.svcRtxMessageQueueReset), (8 bytes).
    Removing rtx_msgqueue.o(.text.svcRtxMessageQueueDelete), (112 bytes).
    Removing rtx_msgqueue.o(.ARM.exidx.text.svcRtxMessageQueueDelete), (8 bytes).
    Removing irq_cm3.o(.constdata), (1 bytes).
    Removing rtx_timer.o(.text), (0 bytes).
    Removing rtx_timer.o(.ARM.exidx.text.osRtxTimerThread), (8 bytes).
    Removing rtx_timer.o(.ARM.exidx.text.osRtxTimerTick), (8 bytes).
    Removing rtx_timer.o(.text.osTimerNew), (36 bytes).
    Removing rtx_timer.o(.ARM.exidx.text.osTimerNew), (8 bytes).
    Removing rtx_timer.o(.text.osTimerGetName), (36 bytes).
    Removing rtx_timer.o(.ARM.exidx.text.osTimerGetName), (8 bytes).
    Removing rtx_timer.o(.text.osTimerStart), (36 bytes).
    Removing rtx_timer.o(.ARM.exidx.text.osTimerStart), (8 bytes).
    Removing rtx_timer.o(.text.osTimerStop), (36 bytes).
    Removing rtx_timer.o(.ARM.exidx.text.osTimerStop), (8 bytes).
    Removing rtx_timer.o(.text.osTimerIsRunning), (36 bytes).
    Removing rtx_timer.o(.ARM.exidx.text.osTimerIsRunning), (8 bytes).
    Removing rtx_timer.o(.text.osTimerDelete), (36 bytes).
    Removing rtx_timer.o(.ARM.exidx.text.osTimerDelete), (8 bytes).
    Removing rtx_timer.o(.ARM.exidx.text.TimerInsert), (8 bytes).
    Removing rtx_timer.o(.text.svcRtxTimerNew), (120 bytes).
    Removing rtx_timer.o(.ARM.exidx.text.svcRtxTimerNew), (8 bytes).
    Removing rtx_timer.o(.text.svcRtxTimerGetName), (16 bytes).
    Removing rtx_timer.o(.ARM.exidx.text.svcRtxTimerGetName), (8 bytes).
    Removing rtx_timer.o(.text.svcRtxTimerStart), (76 bytes).
    Removing rtx_timer.o(.ARM.exidx.text.svcRtxTimerStart), (8 bytes).
    Removing rtx_timer.o(.text.TimerRemove), (40 bytes).
    Removing rtx_timer.o(.ARM.exidx.text.TimerRemove), (8 bytes).
    Removing rtx_timer.o(.text.svcRtxTimerStop), (40 bytes).
    Removing rtx_timer.o(.ARM.exidx.text.svcRtxTimerStop), (8 bytes).
    Removing rtx_timer.o(.text.svcRtxTimerIsRunning), (24 bytes).
    Removing rtx_timer.o(.ARM.exidx.text.svcRtxTimerIsRunning), (8 bytes).
    Removing rtx_timer.o(.text.svcRtxTimerDelete), (76 bytes).
    Removing rtx_timer.o(.ARM.exidx.text.svcRtxTimerDelete), (8 bytes).
    Removing rtx_mutex.o(.text), (0 bytes).
    Removing rtx_mutex.o(.ARM.exidx.text.osRtxMutexOwnerRelease), (8 bytes).
    Removing rtx_mutex.o(.ARM.exidx.text.osRtxMutexOwnerRestore), (8 bytes).
    Removing rtx_mutex.o(.text.osMutexNew), (36 bytes).
    Removing rtx_mutex.o(.ARM.exidx.text.osMutexNew), (8 bytes).
    Removing rtx_mutex.o(.text.osMutexGetName), (36 bytes).
    Removing rtx_mutex.o(.ARM.exidx.text.osMutexGetName), (8 bytes).
    Removing rtx_mutex.o(.text.osMutexAcquire), (36 bytes).
    Removing rtx_mutex.o(.ARM.exidx.text.osMutexAcquire), (8 bytes).
    Removing rtx_mutex.o(.text.osMutexRelease), (36 bytes).
    Removing rtx_mutex.o(.ARM.exidx.text.osMutexRelease), (8 bytes).
    Removing rtx_mutex.o(.text.osMutexGetOwner), (36 bytes).
    Removing rtx_mutex.o(.ARM.exidx.text.osMutexGetOwner), (8 bytes).
    Removing rtx_mutex.o(.text.osMutexDelete), (36 bytes).
    Removing rtx_mutex.o(.ARM.exidx.text.osMutexDelete), (8 bytes).
    Removing rtx_mutex.o(.text.svcRtxMutexNew), (104 bytes).
    Removing rtx_mutex.o(.ARM.exidx.text.svcRtxMutexNew), (8 bytes).
    Removing rtx_mutex.o(.text.svcRtxMutexGetName), (16 bytes).
    Removing rtx_mutex.o(.ARM.exidx.text.svcRtxMutexGetName), (8 bytes).
    Removing rtx_mutex.o(.text.svcRtxMutexAcquire), (148 bytes).
    Removing rtx_mutex.o(.ARM.exidx.text.svcRtxMutexAcquire), (8 bytes).
    Removing rtx_mutex.o(.text.svcRtxMutexRelease), (180 bytes).
    Removing rtx_mutex.o(.ARM.exidx.text.svcRtxMutexRelease), (8 bytes).
    Removing rtx_mutex.o(.text.svcRtxMutexGetOwner), (20 bytes).
    Removing rtx_mutex.o(.ARM.exidx.text.svcRtxMutexGetOwner), (8 bytes).
    Removing rtx_mutex.o(.text.svcRtxMutexDelete), (176 bytes).
    Removing rtx_mutex.o(.ARM.exidx.text.svcRtxMutexDelete), (8 bytes).
    Removing rtx_memory.o(.text), (0 bytes).
    Removing rtx_memory.o(.ARM.exidx.text.osRtxMemoryInit), (8 bytes).
    Removing rtx_memory.o(.ARM.exidx.text.osRtxMemoryAlloc), (8 bytes).
    Removing rtx_memory.o(.ARM.exidx.text.osRtxMemoryFree), (8 bytes).
    Removing rtx_mempool.o(.text), (0 bytes).
    Removing rtx_mempool.o(.ARM.exidx.text.osRtxMemoryPoolInit), (8 bytes).
    Removing rtx_mempool.o(.ARM.exidx.text.osRtxMemoryPoolAlloc), (8 bytes).
    Removing rtx_mempool.o(.ARM.exidx.text.osRtxMemoryPoolFree), (8 bytes).
    Removing rtx_mempool.o(.text.osMemoryPoolNew), (36 bytes).
    Removing rtx_mempool.o(.ARM.exidx.text.osMemoryPoolNew), (8 bytes).
    Removing rtx_mempool.o(.text.osMemoryPoolGetName), (36 bytes).
    Removing rtx_mempool.o(.ARM.exidx.text.osMemoryPoolGetName), (8 bytes).
    Removing rtx_mempool.o(.text.osMemoryPoolAlloc), (104 bytes).
    Removing rtx_mempool.o(.ARM.exidx.text.osMemoryPoolAlloc), (8 bytes).
    Removing rtx_mempool.o(.text.osMemoryPoolFree), (72 bytes).
    Removing rtx_mempool.o(.ARM.exidx.text.osMemoryPoolFree), (8 bytes).
    Removing rtx_mempool.o(.text.osMemoryPoolGetCapacity), (48 bytes).
    Removing rtx_mempool.o(.ARM.exidx.text.osMemoryPoolGetCapacity), (8 bytes).
    Removing rtx_mempool.o(.text.svcRtxMemoryPoolGetCapacity), (16 bytes).
    Removing rtx_mempool.o(.ARM.exidx.text.svcRtxMemoryPoolGetCapacity), (8 bytes).
    Removing rtx_mempool.o(.text.osMemoryPoolGetBlockSize), (48 bytes).
    Removing rtx_mempool.o(.ARM.exidx.text.osMemoryPoolGetBlockSize), (8 bytes).
    Removing rtx_mempool.o(.text.svcRtxMemoryPoolGetBlockSize), (16 bytes).
    Removing rtx_mempool.o(.ARM.exidx.text.svcRtxMemoryPoolGetBlockSize), (8 bytes).
    Removing rtx_mempool.o(.text.osMemoryPoolGetCount), (48 bytes).
    Removing rtx_mempool.o(.ARM.exidx.text.osMemoryPoolGetCount), (8 bytes).
    Removing rtx_mempool.o(.text.svcRtxMemoryPoolGetCount), (16 bytes).
    Removing rtx_mempool.o(.ARM.exidx.text.svcRtxMemoryPoolGetCount), (8 bytes).
    Removing rtx_mempool.o(.text.osMemoryPoolGetSpace), (36 bytes).
    Removing rtx_mempool.o(.ARM.exidx.text.osMemoryPoolGetSpace), (8 bytes).
    Removing rtx_mempool.o(.text.svcRtxMemoryPoolGetSpace), (20 bytes).
    Removing rtx_mempool.o(.ARM.exidx.text.svcRtxMemoryPoolGetSpace), (8 bytes).
    Removing rtx_mempool.o(.text.osMemoryPoolDelete), (36 bytes).
    Removing rtx_mempool.o(.ARM.exidx.text.osMemoryPoolDelete), (8 bytes).
    Removing rtx_mempool.o(.text.svcRtxMemoryPoolNew), (328 bytes).
    Removing rtx_mempool.o(.ARM.exidx.text.svcRtxMemoryPoolNew), (8 bytes).
    Removing rtx_mempool.o(.text.osRtxMemoryPoolPostProcess), (72 bytes).
    Removing rtx_mempool.o(.ARM.exidx.text.osRtxMemoryPoolPostProcess), (8 bytes).
    Removing rtx_mempool.o(.text.svcRtxMemoryPoolGetName), (16 bytes).
    Removing rtx_mempool.o(.ARM.exidx.text.svcRtxMemoryPoolGetName), (8 bytes).
    Removing rtx_mempool.o(.text.svcRtxMemoryPoolAlloc), (92 bytes).
    Removing rtx_mempool.o(.ARM.exidx.text.svcRtxMemoryPoolAlloc), (8 bytes).
    Removing rtx_mempool.o(.text.svcRtxMemoryPoolFree), (100 bytes).
    Removing rtx_mempool.o(.ARM.exidx.text.svcRtxMemoryPoolFree), (8 bytes).
    Removing rtx_mempool.o(.text.svcRtxMemoryPoolDelete), (108 bytes).
    Removing rtx_mempool.o(.ARM.exidx.text.svcRtxMemoryPoolDelete), (8 bytes).
    Removing rtx_system.o(.text), (0 bytes).
    Removing rtx_system.o(.ARM.exidx.text.osRtxTick_Handler), (8 bytes).
    Removing rtx_system.o(.ARM.exidx.text.osRtxPendSV_Handler), (8 bytes).
    Removing rtx_system.o(.ARM.exidx.text.osRtxPostProcess), (8 bytes).
    Removing os_systick.o(.text), (0 bytes).
    Removing os_systick.o(.ARM.exidx.text.OS_Tick_Setup), (8 bytes).
    Removing os_systick.o(.ARM.exidx.text.OS_Tick_Enable), (8 bytes).
    Removing os_systick.o(.text.OS_Tick_Disable), (44 bytes).
    Removing os_systick.o(.ARM.exidx.text.OS_Tick_Disable), (8 bytes).
    Removing os_systick.o(.ARM.exidx.text.OS_Tick_AcknowledgeIRQ), (8 bytes).
    Removing os_systick.o(.ARM.exidx.text.OS_Tick_GetIRQn), (8 bytes).
    Removing os_systick.o(.text.OS_Tick_GetClock), (12 bytes).
    Removing os_systick.o(.ARM.exidx.text.OS_Tick_GetClock), (8 bytes).
    Removing os_systick.o(.text.OS_Tick_GetInterval), (12 bytes).
    Removing os_systick.o(.ARM.exidx.text.OS_Tick_GetInterval), (8 bytes).
    Removing os_systick.o(.text.OS_Tick_GetCount), (16 bytes).
    Removing os_systick.o(.ARM.exidx.text.OS_Tick_GetCount), (8 bytes).
    Removing os_systick.o(.text.OS_Tick_GetOverflow), (16 bytes).
    Removing os_systick.o(.ARM.exidx.text.OS_Tick_GetOverflow), (8 bytes).
    Removing dadd.o(.text), (334 bytes).
    Removing dmul.o(.text), (228 bytes).
    Removing ddiv.o(.text), (222 bytes).
    Removing dfixul.o(.text), (48 bytes).
    Removing cdrcmple.o(.text), (48 bytes).
    Removing depilogue.o(.text), (186 bytes).

353 unused section(s) (total 17995 bytes) removed from the image.

==============================================================================

Image Symbol Table

    Local Symbols

    Symbol Name                              Value     Ov Type        Size  Object(Section)

    RESET                                    0x00000000   Section      204  startup_lpc17xx.o(RESET)
    ../clib/../cmprslib/zerorunl2.c          0x00000000   Number         0  __dczerorl2.o ABSOLUTE
    ../clib/microlib/division.c              0x00000000   Number         0  uldiv.o ABSOLUTE
    ../clib/microlib/division.c              0x00000000   Number         0  uidiv.o ABSOLUTE
    ../clib/microlib/init/entry.s            0x00000000   Number         0  entry10b.o ABSOLUTE
    ../clib/microlib/init/entry.s            0x00000000   Number         0  entry11a.o ABSOLUTE
    ../clib/microlib/init/entry.s            0x00000000   Number         0  entry10a.o ABSOLUTE
    ../clib/microlib/init/entry.s            0x00000000   Number         0  entry.o ABSOLUTE
    ../clib/microlib/init/entry.s            0x00000000   Number         0  entry11b.o ABSOLUTE
    ../clib/microlib/init/entry.s            0x00000000   Number         0  entry9b.o ABSOLUTE
    ../clib/microlib/init/entry.s            0x00000000   Number         0  entry5.o ABSOLUTE
    ../clib/microlib/init/entry.s            0x00000000   Number         0  entry9a.o ABSOLUTE
    ../clib/microlib/init/entry.s            0x00000000   Number         0  entry8b.o ABSOLUTE
    ../clib/microlib/init/entry.s            0x00000000   Number         0  entry2.o ABSOLUTE
    ../clib/microlib/init/entry.s            0x00000000   Number         0  entry8a.o ABSOLUTE
    ../clib/microlib/init/entry.s            0x00000000   Number         0  entry7b.o ABSOLUTE
    ../clib/microlib/init/entry.s            0x00000000   Number         0  entry7a.o ABSOLUTE
    ../clib/microlib/longlong.c              0x00000000   Number         0  llushr.o ABSOLUTE
    ../clib/microlib/longlong.c              0x00000000   Number         0  llsshr.o ABSOLUTE
    ../clib/microlib/longlong.c              0x00000000   Number         0  llshl.o ABSOLUTE
    ../clib/microlib/printf/printf.c         0x00000000   Number         0  printfa.o ABSOLUTE
    ../clib/microlib/printf/printf.c         0x00000000   Number         0  printf8.o ABSOLUTE
    ../clib/microlib/printf/printf.c         0x00000000   Number         0  printf7.o ABSOLUTE
    ../clib/microlib/printf/printf.c         0x00000000   Number         0  printf6.o ABSOLUTE
    ../clib/microlib/printf/printf.c         0x00000000   Number         0  printf5.o ABSOLUTE
    ../clib/microlib/printf/printf.c         0x00000000   Number         0  printf4.o ABSOLUTE
    ../clib/microlib/printf/printf.c         0x00000000   Number         0  printf3.o ABSOLUTE
    ../clib/microlib/printf/printf.c         0x00000000   Number         0  printf2.o ABSOLUTE
    ../clib/microlib/printf/printf.c         0x00000000   Number         0  printf1.o ABSOLUTE
    ../clib/microlib/printf/printf.c         0x00000000   Number         0  printf0.o ABSOLUTE
    ../clib/microlib/printf/printf.c         0x00000000   Number         0  printfb.o ABSOLUTE
    ../clib/microlib/printf/stubs.s          0x00000000   Number         0  stubs.o ABSOLUTE
    ../clib/microlib/string/memcpy.c         0x00000000   Number         0  memcpyb.o ABSOLUTE
    ../clib/microlib/string/memcpy.c         0x00000000   Number         0  memcpya.o ABSOLUTE
    ../clib/microlib/string/memset.c         0x00000000   Number         0  memseta.o ABSOLUTE
    ../clib/microlib/stubs.s                 0x00000000   Number         0  iusefp.o ABSOLUTE
    ../fplib/microlib/fpadd.c                0x00000000   Number         0  dadd.o ABSOLUTE
    ../fplib/microlib/fpdiv.c                0x00000000   Number         0  ddiv.o ABSOLUTE
    ../fplib/microlib/fpepilogue.c           0x00000000   Number         0  depilogue.o ABSOLUTE
    ../fplib/microlib/fpfix.c                0x00000000   Number         0  dfixul.o ABSOLUTE
    ../fplib/microlib/fpmul.c                0x00000000   Number         0  dmul.o ABSOLUTE
    ..\..\..\Source\ARM\irq_cm3.s            0x00000000   Number         0  irq_cm3.o ABSOLUTE
    C:\Users\muen2\AppData\Local\Arm\Packs\ARM\CMSIS\5.7.0\CMSIS\RTOS2\RTX\Source\rtx_lib.c 0x00000000   Number         0  rtx_lib.o ABSOLUTE
    C:\\Users\\muen2\\AppData\\Local\\Arm\\Packs\\ARM\\CMSIS\\5.7.0\\CMSIS\\RTOS2\\RTX\\Source\\rtx_lib.c 0x00000000   Number         0  rtx_lib.o ABSOLUTE
    RTE\CMSIS\RTX_Config.c                   0x00000000   Number         0  rtx_config.o ABSOLUTE
    RTE\Device\LPC1768\startup_LPC17xx.s     0x00000000   Number         0  startup_lpc17xx.o ABSOLUTE
    RTE\Device\LPC1768\system_LPC17xx.c      0x00000000   Number         0  system_lpc17xx.o ABSOLUTE
    RTE\\CMSIS\\RTX_Config.c                 0x00000000   Number         0  rtx_config.o ABSOLUTE
    RTE\\Device\\LPC1768\\system_LPC17xx.c   0x00000000   Number         0  system_lpc17xx.o ABSOLUTE
    Retarget.c                               0x00000000   Number         0  retarget.o ABSOLUTE
    cdrcmple.s                               0x00000000   Number         0  cdrcmple.o ABSOLUTE
    dc.s                                     0x00000000   Number         0  dc.o ABSOLUTE
    handlers.s                               0x00000000   Number         0  handlers.o ABSOLUTE
    init.s                                   0x00000000   Number         0  init.o ABSOLUTE
    lfsr113.c                                0x00000000   Number         0  lfsr113.o ABSOLUTE
    main.c                                   0x00000000   Number         0  main.o ABSOLUTE
    main.c                                   0x00000000   Number         0  main.o ABSOLUTE
    os_systick.c                             0x00000000   Number         0  os_systick.o ABSOLUTE
    random.c                                 0x00000000   Number         0  random.o ABSOLUTE
    rtx_delay.c                              0x00000000   Number         0  rtx_delay.o ABSOLUTE
    rtx_kernel.c                             0x00000000   Number         0  rtx_kernel.o ABSOLUTE
    rtx_memory.c                             0x00000000   Number         0  rtx_memory.o ABSOLUTE
    rtx_mempool.c                            0x00000000   Number         0  rtx_mempool.o ABSOLUTE
    rtx_msgqueue.c                           0x00000000   Number         0  rtx_msgqueue.o ABSOLUTE
    rtx_mutex.c                              0x00000000   Number         0  rtx_mutex.o ABSOLUTE
    rtx_system.c                             0x00000000   Number         0  rtx_system.o ABSOLUTE
    rtx_thread.c                             0x00000000   Number         0  rtx_thread.o ABSOLUTE
    rtx_timer.c                              0x00000000   Number         0  rtx_timer.o ABSOLUTE
    uart.c                                   0x00000000   Number         0  uart.o ABSOLUTE
    uart.c                                   0x00000000   Number         0  uart.o ABSOLUTE
    .ARM.Collect$$$$00000000                 0x000000cc   Section        0  entry.o(.ARM.Collect$$$$00000000)
    .ARM.Collect$$$$00000001                 0x000000cc   Section        4  entry2.o(.ARM.Collect$$$$00000001)
    .ARM.Collect$$$$00000004                 0x000000d0   Section        4  entry5.o(.ARM.Collect$$$$00000004)
    .ARM.Collect$$$$00000008                 0x000000d4   Section        0  entry7b.o(.ARM.Collect$$$$00000008)
    .ARM.Collect$$$$0000000A                 0x000000d4   Section        0  entry8b.o(.ARM.Collect$$$$0000000A)
    .ARM.Collect$$$$0000000B                 0x000000d4   Section        8  entry9a.o(.ARM.Collect$$$$0000000B)
    .ARM.Collect$$$$0000000D                 0x000000dc   Section        0  entry10a.o(.ARM.Collect$$$$0000000D)
    .ARM.Collect$$$$0000000F                 0x000000dc   Section        0  entry11a.o(.ARM.Collect$$$$0000000F)
    .ARM.Collect$$$$00002712                 0x000000dc   Section        4  entry2.o(.ARM.Collect$$$$00002712)
    __lit__00000000                          0x000000dc   Data           4  entry2.o(.ARM.Collect$$$$00002712)
    .text                                    0x000000e0   Section       36  startup_lpc17xx.o(.text)
    .text                                    0x00000104   Section      148  irq_cm3.o(.text)
    .text                                    0x00000198   Section        0  memcpya.o(.text)
    .text                                    0x000001bc   Section        0  memseta.o(.text)
    .text                                    0x000001e0   Section        0  uidiv.o(.text)
    .text                                    0x0000020c   Section       36  init.o(.text)
    .text                                    0x00000230   Section        0  __dczerorl2.o(.text)
    [Anonymous Symbol]                       0x00000286   Section        0  rtx_msgqueue.o(.text.MessageQueueGet)
    MessageQueueGet                          0x00000287   Thumb Code    64  rtx_msgqueue.o(.text.MessageQueueGet)
    [Anonymous Symbol]                       0x000002c6   Section        0  rtx_msgqueue.o(.text.MessageQueueRemove)
    MessageQueueRemove                       0x000002c7   Thumb Code    28  rtx_msgqueue.o(.text.MessageQueueRemove)
    [Anonymous Symbol]                       0x000002e4   Section        0  os_systick.o(.text.OS_Tick_AcknowledgeIRQ)
    __arm_cp.3_0                             0x000002ec   Number         4  os_systick.o(.text.OS_Tick_AcknowledgeIRQ)
    [Anonymous Symbol]                       0x000002f0   Section        0  os_systick.o(.text.OS_Tick_GetIRQn)
    [Anonymous Symbol]                       0x000002f6   Section        0  rtx_kernel.o(.text.osRtxKernelPreInit)
    i.__scatterload_null                     0x000002f8   Section        2  handlers.o(i.__scatterload_null)
    .ARM.__at_0x02FC                         0x000002fc   Section        4  startup_lpc17xx.o(.ARM.__at_0x02FC)
    [Anonymous Symbol]                       0x00000300   Section        0  rtx_msgqueue.o(.text.MessageQueuePut)
    MessageQueuePut                          0x00000301   Thumb Code    88  rtx_msgqueue.o(.text.MessageQueuePut)
    [Anonymous Symbol]                       0x00000358   Section        0  os_systick.o(.text.OS_Tick_Enable)
    __arm_cp.1_0                             0x00000378   Number         4  os_systick.o(.text.OS_Tick_Enable)
    __arm_cp.1_1                             0x0000037c   Number         4  os_systick.o(.text.OS_Tick_Enable)
    __arm_cp.1_2                             0x00000380   Number         4  os_systick.o(.text.OS_Tick_Enable)
    [Anonymous Symbol]                       0x00000384   Section        0  os_systick.o(.text.OS_Tick_Setup)
    __arm_cp.0_0                             0x000003b4   Number         4  os_systick.o(.text.OS_Tick_Setup)
    __arm_cp.0_1                             0x000003b8   Number         4  os_systick.o(.text.OS_Tick_Setup)
    __arm_cp.0_2                             0x000003bc   Number         4  os_systick.o(.text.OS_Tick_Setup)
    __arm_cp.0_3                             0x000003c0   Number         4  os_systick.o(.text.OS_Tick_Setup)
    [Anonymous Symbol]                       0x000003c4   Section        0  rtx_thread.o(.text.ThreadFlagsCheck)
    ThreadFlagsCheck                         0x000003c5   Thumb Code   110  rtx_thread.o(.text.ThreadFlagsCheck)
    [Anonymous Symbol]                       0x00000434   Section        0  rtx_timer.o(.text.TimerInsert)
    TimerInsert                              0x00000435   Thumb Code    72  rtx_timer.o(.text.TimerInsert)
    __arm_cp.8_0                             0x00000478   Number         4  rtx_timer.o(.text.TimerInsert)
    [Anonymous Symbol]                       0x0000047c   Section        0  rtx_delay.o(.text.osDelay)
    __arm_cp.0_0                             0x0000049c   Number         4  rtx_delay.o(.text.osDelay)
    [Anonymous Symbol]                       0x000004a0   Section        0  rtx_kernel.o(.text.osKernelGetTickFreq)
    __arm_cp.14_0                            0x000004c0   Number         4  rtx_kernel.o(.text.osKernelGetTickFreq)
    __arm_cp.14_1                            0x000004c4   Number         4  rtx_kernel.o(.text.osKernelGetTickFreq)
    [Anonymous Symbol]                       0x000004c8   Section        0  rtx_kernel.o(.text.osKernelInitialize)
    __arm_cp.1_0                             0x000004f0   Number         4  rtx_kernel.o(.text.osKernelInitialize)
    [Anonymous Symbol]                       0x000004f4   Section        0  rtx_kernel.o(.text.osKernelStart)
    __arm_cp.6_0                             0x00000514   Number         4  rtx_kernel.o(.text.osKernelStart)
    [Anonymous Symbol]                       0x00000518   Section        0  rtx_msgqueue.o(.text.osMessageQueueGet)
    __arm_cp.3_0                             0x00000580   Number         4  rtx_msgqueue.o(.text.osMessageQueueGet)
    [Anonymous Symbol]                       0x00000584   Section        0  rtx_msgqueue.o(.text.osMessageQueueNew)
    __arm_cp.0_0                             0x000005a4   Number         4  rtx_msgqueue.o(.text.osMessageQueueNew)
    [Anonymous Symbol]                       0x000005a8   Section        0  rtx_msgqueue.o(.text.osMessageQueuePut)
    __arm_cp.2_0                             0x0000061c   Number         4  rtx_msgqueue.o(.text.osMessageQueuePut)
    [Anonymous Symbol]                       0x00000620   Section        0  rtx_memory.o(.text.osRtxMemoryAlloc)
    [Anonymous Symbol]                       0x00000690   Section        0  rtx_memory.o(.text.osRtxMemoryFree)
    [Anonymous Symbol]                       0x000006d6   Section        0  rtx_memory.o(.text.osRtxMemoryInit)
    [Anonymous Symbol]                       0x00000712   Section        0  rtx_mempool.o(.text.osRtxMemoryPoolAlloc)
    [Anonymous Symbol]                       0x0000074c   Section        0  rtx_mempool.o(.text.osRtxMemoryPoolFree)
    [Anonymous Symbol]                       0x00000796   Section        0  rtx_mempool.o(.text.osRtxMemoryPoolInit)
    [Anonymous Symbol]                       0x000007cc   Section        0  rtx_msgqueue.o(.text.osRtxMessageQueuePostProcess)
    osRtxMessageQueuePostProcess             0x000007cd   Thumb Code   186  rtx_msgqueue.o(.text.osRtxMessageQueuePostProcess)
    [Anonymous Symbol]                       0x00000886   Section        0  rtx_mutex.o(.text.osRtxMutexOwnerRelease)
    [Anonymous Symbol]                       0x000008ce   Section        0  rtx_mutex.o(.text.osRtxMutexOwnerRestore)
    [Anonymous Symbol]                       0x00000910   Section        0  rtx_system.o(.text.osRtxPendSV_Handler)
    __arm_cp.1_0                             0x00000998   Number         4  rtx_system.o(.text.osRtxPendSV_Handler)
    [Anonymous Symbol]                       0x0000099c   Section        0  rtx_system.o(.text.osRtxPostProcess)
    __arm_cp.2_0                             0x00000a08   Number         4  rtx_system.o(.text.osRtxPostProcess)
    __arm_cp.2_1                             0x00000a0c   Number         4  rtx_system.o(.text.osRtxPostProcess)
    [Anonymous Symbol]                       0x00000a10   Section        0  rtx_thread.o(.text.osRtxThreadBlock)
    osRtxThreadBlock                         0x00000a11   Thumb Code    56  rtx_thread.o(.text.osRtxThreadBlock)
    __arm_cp.11_0                            0x00000a44   Number         4  rtx_thread.o(.text.osRtxThreadBlock)
    [Anonymous Symbol]                       0x00000a48   Section        0  rtx_thread.o(.text.osRtxThreadDelayInsert)
    osRtxThreadDelayInsert                   0x00000a49   Thumb Code   116  rtx_thread.o(.text.osRtxThreadDelayInsert)
    __arm_cp.15_0                            0x00000ab8   Number         4  rtx_thread.o(.text.osRtxThreadDelayInsert)
    [Anonymous Symbol]                       0x00000abc   Section        0  rtx_thread.o(.text.osRtxThreadDelayRemove)
    osRtxThreadDelayRemove                   0x00000abd   Thumb Code    60  rtx_thread.o(.text.osRtxThreadDelayRemove)
    __arm_cp.13_0                            0x00000af4   Number         4  rtx_thread.o(.text.osRtxThreadDelayRemove)
    [Anonymous Symbol]                       0x00000af8   Section        0  rtx_thread.o(.text.osRtxThreadDelayTick)
    __arm_cp.5_0                             0x00000b40   Number         4  rtx_thread.o(.text.osRtxThreadDelayTick)
    [Anonymous Symbol]                       0x00000b44   Section        0  rtx_thread.o(.text.osRtxThreadDispatch)
    __arm_cp.10_0                            0x00000b98   Number         4  rtx_thread.o(.text.osRtxThreadDispatch)
    [Anonymous Symbol]                       0x00000b9c   Section        0  rtx_thread.o(.text.osRtxThreadFree)
    osRtxThreadFree                          0x00000b9d   Thumb Code    88  rtx_thread.o(.text.osRtxThreadFree)
    __arm_cp.53_0                            0x00000bf0   Number         4  rtx_thread.o(.text.osRtxThreadFree)
    [Anonymous Symbol]                       0x00000bf4   Section        0  rtx_thread.o(.text.osRtxThreadListGet)
    [Anonymous Symbol]                       0x00000c06   Section        0  rtx_thread.o(.text.osRtxThreadListPut)
    [Anonymous Symbol]                       0x00000c32   Section        0  rtx_thread.o(.text.osRtxThreadListRemove)
    [Anonymous Symbol]                       0x00000c46   Section        0  rtx_thread.o(.text.osRtxThreadListRoot)
    osRtxThreadListRoot                      0x00000c47   Thumb Code    12  rtx_thread.o(.text.osRtxThreadListRoot)
    [Anonymous Symbol]                       0x00000c52   Section        0  rtx_thread.o(.text.osRtxThreadListSort)
    [Anonymous Symbol]                       0x00000c78   Section        0  rtx_thread.o(.text.osRtxThreadPostProcess)
    osRtxThreadPostProcess                   0x00000c79   Thumb Code    40  rtx_thread.o(.text.osRtxThreadPostProcess)
    [Anonymous Symbol]                       0x00000ca0   Section        0  rtx_thread.o(.text.osRtxThreadReadyPut)
    __arm_cp.4_0                             0x00000cb0   Number         4  rtx_thread.o(.text.osRtxThreadReadyPut)
    [Anonymous Symbol]                       0x00000cb4   Section        0  rtx_thread.o(.text.osRtxThreadRegPtr)
    [Anonymous Symbol]                       0x00000cbc   Section        0  rtx_thread.o(.text.osRtxThreadStackCheck)
    __arm_cp.9_0                             0x00000cdc   Number         4  rtx_thread.o(.text.osRtxThreadStackCheck)
    __arm_cp.9_1                             0x00000ce0   Number         4  rtx_thread.o(.text.osRtxThreadStackCheck)
    [Anonymous Symbol]                       0x00000ce4   Section        0  rtx_thread.o(.text.osRtxThreadStartup)
    __arm_cp.16_0                            0x00000d14   Number         4  rtx_thread.o(.text.osRtxThreadStartup)
    __arm_cp.16_1                            0x00000d18   Number         4  rtx_thread.o(.text.osRtxThreadStartup)
    __arm_cp.16_2                            0x00000d1c   Number         4  rtx_thread.o(.text.osRtxThreadStartup)
    __arm_cp.16_3                            0x00000d20   Number         4  rtx_thread.o(.text.osRtxThreadStartup)
    [Anonymous Symbol]                       0x00000d24   Section        0  rtx_thread.o(.text.osRtxThreadSwitch)
    __arm_cp.8_0                             0x00000d30   Number         4  rtx_thread.o(.text.osRtxThreadSwitch)
    [Anonymous Symbol]                       0x00000d34   Section        0  rtx_thread.o(.text.osRtxThreadWaitEnter)
    __arm_cp.14_0                            0x00000d68   Number         4  rtx_thread.o(.text.osRtxThreadWaitEnter)
    [Anonymous Symbol]                       0x00000d6c   Section        0  rtx_thread.o(.text.osRtxThreadWaitExit)
    [Anonymous Symbol]                       0x00000d90   Section        0  rtx_system.o(.text.osRtxTick_Handler)
    __arm_cp.0_0                             0x00000dfc   Number         4  rtx_system.o(.text.osRtxTick_Handler)
    [Anonymous Symbol]                       0x00000e00   Section        0  rtx_timer.o(.text.osRtxTimerThread)
    __arm_cp.0_0                             0x00000e30   Number         4  rtx_timer.o(.text.osRtxTimerThread)
    __arm_cp.0_1                             0x00000e34   Number         4  rtx_timer.o(.text.osRtxTimerThread)
    __arm_cp.0_2                             0x00000e38   Number         4  rtx_timer.o(.text.osRtxTimerThread)
    [Anonymous Symbol]                       0x00000e3c   Section        0  rtx_timer.o(.text.osRtxTimerTick)
    osRtxTimerTick                           0x00000e3d   Thumb Code    84  rtx_timer.o(.text.osRtxTimerTick)
    __arm_cp.1_0                             0x00000e8c   Number         4  rtx_timer.o(.text.osRtxTimerTick)
    [Anonymous Symbol]                       0x00000e90   Section        0  rtx_thread.o(.text.osThreadExit)
    __arm_cp.32_0                            0x00000e98   Number         4  rtx_thread.o(.text.osThreadExit)
    [Anonymous Symbol]                       0x00000e9c   Section        0  rtx_thread.o(.text.osThreadNew)
    __arm_cp.18_0                            0x00000ebc   Number         4  rtx_thread.o(.text.osThreadNew)
    [Anonymous Symbol]                       0x00000ec0   Section        0  rtx_thread.o(.text.osThreadYield)
    __arm_cp.27_0                            0x00000ee0   Number         4  rtx_thread.o(.text.osThreadYield)
    [Anonymous Symbol]                       0x00000ee4   Section        0  rtx_delay.o(.text.svcRtxDelay)
    svcRtxDelay                              0x00000ee5   Thumb Code    20  rtx_delay.o(.text.svcRtxDelay)
    [Anonymous Symbol]                       0x00000ef8   Section        0  rtx_kernel.o(.text.svcRtxKernelGetTickFreq)
    svcRtxKernelGetTickFreq                  0x00000ef9   Thumb Code    12  rtx_kernel.o(.text.svcRtxKernelGetTickFreq)
    __arm_cp.15_0                            0x00000f00   Number         4  rtx_kernel.o(.text.svcRtxKernelGetTickFreq)
    [Anonymous Symbol]                       0x00000f04   Section        0  rtx_kernel.o(.text.svcRtxKernelInitialize)
    svcRtxKernelInitialize                   0x00000f05   Thumb Code   336  rtx_kernel.o(.text.svcRtxKernelInitialize)
    __arm_cp.20_0                            0x00001048   Number         4  rtx_kernel.o(.text.svcRtxKernelInitialize)
    __arm_cp.20_1                            0x0000104c   Number         4  rtx_kernel.o(.text.svcRtxKernelInitialize)
    __arm_cp.20_2                            0x00001050   Number         4  rtx_kernel.o(.text.svcRtxKernelInitialize)
    [Anonymous Symbol]                       0x00001054   Section        0  rtx_kernel.o(.text.svcRtxKernelStart)
    svcRtxKernelStart                        0x00001055   Thumb Code   136  rtx_kernel.o(.text.svcRtxKernelStart)
    __arm_cp.21_0                            0x000010cc   Number         4  rtx_kernel.o(.text.svcRtxKernelStart)
    __arm_cp.21_1                            0x000010d0   Number         4  rtx_kernel.o(.text.svcRtxKernelStart)
    __arm_cp.21_2                            0x000010d4   Number         4  rtx_kernel.o(.text.svcRtxKernelStart)
    __arm_cp.21_3                            0x000010d8   Number         4  rtx_kernel.o(.text.svcRtxKernelStart)
    [Anonymous Symbol]                       0x000010dc   Section        0  rtx_msgqueue.o(.text.svcRtxMessageQueueGet)
    svcRtxMessageQueueGet                    0x000010dd   Thumb Code   224  rtx_msgqueue.o(.text.svcRtxMessageQueueGet)
    __arm_cp.21_0                            0x000011b8   Number         4  rtx_msgqueue.o(.text.svcRtxMessageQueueGet)
    [Anonymous Symbol]                       0x000011bc   Section        0  rtx_msgqueue.o(.text.svcRtxMessageQueueNew)
    svcRtxMessageQueueNew                    0x000011bd   Thumb Code   304  rtx_msgqueue.o(.text.svcRtxMessageQueueNew)
    __arm_cp.14_0                            0x000012e4   Number         4  rtx_msgqueue.o(.text.svcRtxMessageQueueNew)
    __arm_cp.14_1                            0x000012e8   Number         4  rtx_msgqueue.o(.text.svcRtxMessageQueueNew)
    [Anonymous Symbol]                       0x000012ec   Section        0  rtx_msgqueue.o(.text.svcRtxMessageQueuePut)
    svcRtxMessageQueuePut                    0x000012ed   Thumb Code   192  rtx_msgqueue.o(.text.svcRtxMessageQueuePut)
    __arm_cp.19_0                            0x000013a8   Number         4  rtx_msgqueue.o(.text.svcRtxMessageQueuePut)
    [Anonymous Symbol]                       0x000013ac   Section        0  rtx_thread.o(.text.svcRtxThreadExit)
    svcRtxThreadExit                         0x000013ad   Thumb Code   104  rtx_thread.o(.text.svcRtxThreadExit)
    __arm_cp.55_0                            0x00001410   Number         4  rtx_thread.o(.text.svcRtxThreadExit)
    [Anonymous Symbol]                       0x00001414   Section        0  rtx_thread.o(.text.svcRtxThreadNew)
    svcRtxThreadNew                          0x00001415   Thumb Code   464  rtx_thread.o(.text.svcRtxThreadNew)
    __arm_cp.17_0                            0x000015d0   Number         4  rtx_thread.o(.text.svcRtxThreadNew)
    __arm_cp.17_1                            0x000015d4   Number         4  rtx_thread.o(.text.svcRtxThreadNew)
    __arm_cp.17_2                            0x000015d8   Number         4  rtx_thread.o(.text.svcRtxThreadNew)
    __arm_cp.17_3                            0x000015dc   Number         4  rtx_thread.o(.text.svcRtxThreadNew)
    __arm_cp.17_4                            0x000015e0   Number         4  rtx_thread.o(.text.svcRtxThreadNew)
    [Anonymous Symbol]                       0x000015e4   Section        0  rtx_thread.o(.text.svcRtxThreadYield)
    svcRtxThreadYield                        0x000015e5   Thumb Code    56  rtx_thread.o(.text.svcRtxThreadYield)
    __arm_cp.48_0                            0x00001618   Number         4  rtx_thread.o(.text.svcRtxThreadYield)
    i.Free                                   0x0000161c   Section        0  uart.o(i.Free)
    i.FreeRcv                                0x00001624   Section        0  uart.o(i.FreeRcv)
    i.FreeSnd                                0x00001648   Section        0  uart.o(i.FreeSnd)
    i.SystemInit                             0x0000166c   Section        0  system_lpc17xx.o(i.SystemInit)
    i.UART0_IRQHandler                       0x000017ac   Section        0  uart.o(i.UART0_IRQHandler)
    i.UART1_IRQHandler                       0x00001814   Section        0  uart.o(i.UART1_IRQHandler)
    i.UARTInit                               0x00001884   Section        0  uart.o(i.UARTInit)
    i.UARTSendChar                           0x00001940   Section        0  uart.o(i.UARTSendChar)
    i.__0printf$1                            0x00001964   Section        0  printf1.o(i.__0printf$1)
    i.__NVIC_EnableIRQ                       0x00001984   Section        0  uart.o(i.__NVIC_EnableIRQ)
    __NVIC_EnableIRQ                         0x00001985   Thumb Code    34  uart.o(i.__NVIC_EnableIRQ)
    i.__scatterload_copy                     0x000019a6   Section       14  handlers.o(i.__scatterload_copy)
    i.__scatterload_zeroinit                 0x000019b4   Section       14  handlers.o(i.__scatterload_zeroinit)
    i._printf_core                           0x000019c4   Section        0  printf1.o(i._printf_core)
    _printf_core                             0x000019c5   Thumb Code   336  printf1.o(i._printf_core)
    i.client                                 0x00001b18   Section        0  main.o(i.client)
    i.fputc                                  0x00001bd8   Section        0  retarget.o(i.fputc)
    i.getFrequency                           0x00001be8   Section        0  uart.o(i.getFrequency)
    i.getTicks                               0x00001c30   Section        0  main.o(i.getTicks)
    i.lfsr113                                0x00001c4c   Section        0  lfsr113.o(i.lfsr113)
    i.main                                   0x00001cdc   Section        0  main.o(i.main)
    i.monitor                                0x00001d50   Section        0  main.o(i.monitor)
    i.next_event                             0x00001dd4   Section        0  random.o(i.next_event)
    i.osRtxErrorNotify                       0x00001de8   Section        0  rtx_config.o(i.osRtxErrorNotify)
    i.osRtxIdleThread                        0x00001e08   Section        0  rtx_config.o(i.osRtxIdleThread)
    i.sendchar                               0x00001e0c   Section        0  retarget.o(i.sendchar)
    i.server                                 0x00001e50   Section        0  main.o(i.server)
    .constdata                               0x00001eb4   Section      100  rtx_lib.o(.constdata)
    os_idle_thread_attr                      0x00001eb4   Data          36  rtx_lib.o(.constdata)
    os_timer_thread_attr                     0x00001ed8   Data          36  rtx_lib.o(.constdata)
    os_timer_mq_attr                         0x00001efc   Data          24  rtx_lib.o(.constdata)
    .conststring                             0x00001f18   Section      134  main.o(.conststring)
    .rodata                                  0x00001fa0   Section      160  rtx_lib.o(.rodata)
    __tagsym$$used                           0x00001fa0   Number         0  rtx_lib.o(.rodata)
    __tagsym$$used                           0x00002008   Number         0  rtx_lib.o(.rodata)
    [Anonymous Symbol]                       0x00002040   Section        0  rtx_kernel.o(.rodata.str1.4)
    .L.str                                   0x00002040   Data          11  rtx_kernel.o(.rodata.str1.4)
    .bss.os                                  0x10000000   Section     4160  rtx_lib.o(.bss.os)
    os_mem                                   0x10000000   Data        4096  rtx_lib.o(.bss.os)
    os_isr_queue                             0x10001000   Data          64  rtx_lib.o(.bss.os)
    .bss.os.msgqueue.cb                      0x10001040   Section       52  rtx_lib.o(.bss.os.msgqueue.cb)
    os_timer_mq_cb                           0x10001040   Data          52  rtx_lib.o(.bss.os.msgqueue.cb)
    .bss.os.msgqueue.mem                     0x10001074   Section       80  rtx_lib.o(.bss.os.msgqueue.mem)
    os_timer_mq_data                         0x10001074   Data          80  rtx_lib.o(.bss.os.msgqueue.mem)
    .bss.os.thread.cb                        0x100010c4   Section      136  rtx_lib.o(.bss.os.thread.cb)
    os_idle_thread_cb                        0x100010c4   Data          68  rtx_lib.o(.bss.os.thread.cb)
    os_timer_thread_cb                       0x10001108   Data          68  rtx_lib.o(.bss.os.thread.cb)
    .bss.os.thread.stack                     0x10001150   Section      512  rtx_lib.o(.bss.os.thread.stack)
    os_idle_thread_stack                     0x10001150   Data         256  rtx_lib.o(.bss.os.thread.stack)
    os_timer_thread_stack                    0x10001250   Data         256  rtx_lib.o(.bss.os.thread.stack)
    .data                                    0x10001350   Section       12  retarget.o(.data)
    .data                                    0x1000135c   Section       32  uart.o(.data)
    .data                                    0x1000137c   Section       60  main.o(.data)
    .data                                    0x100013b8   Section       16  lfsr113.o(.data)
    z1                                       0x100013b8   Data           4  lfsr113.o(.data)
    z2                                       0x100013bc   Data           4  lfsr113.o(.data)
    z3                                       0x100013c0   Data           4  lfsr113.o(.data)
    z4                                       0x100013c4   Data           4  lfsr113.o(.data)
    .data                                    0x100013c8   Section     1024  random.o(.data)
    ln_table                                 0x100013c8   Data        1024  random.o(.data)
    .data                                    0x100017c8   Section        4  system_lpc17xx.o(.data)
    .bss                                     0x10001870   Section      128  uart.o(.bss)
    [Anonymous Symbol]                       0x100018f0   Section        0  os_systick.o(.bss.PendST)
    PendST                                   0x100018f0   Data           1  os_systick.o(.bss.PendST)
    STACK                                    0x100018f8   Section     8192  startup_lpc17xx.o(STACK)

    Global Symbols

    Symbol Name                              Value     Ov Type        Size  Object(Section)

    BuildAttributes$$THM_ISAv4$P$D$K$B$S$PE$A:L22UL41UL21$X:L11$S22US41US21$IEEE1$IW$~IW$USESV6$~STKCKD$USESV7$~SHL$OSPACE$ROPI$EBA8$MICROLIB$REQ8$PRES8$EABIv2 0x00000000   Number         0  anon$$obj.o ABSOLUTE
    __ARM_use_no_argv                        0x00000000   Number         0  main.o ABSOLUTE
    __Vectors                                0x00000000   Data           4  startup_lpc17xx.o(RESET)
    _printf_a                                0x00000000   Number         0  stubs.o ABSOLUTE
    _printf_c                                0x00000000   Number         0  stubs.o ABSOLUTE
    _printf_charcount                        0x00000000   Number         0  stubs.o ABSOLUTE
    _printf_d                                0x00000000   Number         0  stubs.o ABSOLUTE
    _printf_e                                0x00000000   Number         0  stubs.o ABSOLUTE
    _printf_f                                0x00000000   Number         0  stubs.o ABSOLUTE
    _printf_flags                            0x00000000   Number         0  stubs.o ABSOLUTE
    _printf_fp_dec                           0x00000000   Number         0  stubs.o ABSOLUTE
    _printf_fp_hex                           0x00000000   Number         0  stubs.o ABSOLUTE
    _printf_g                                0x00000000   Number         0  stubs.o ABSOLUTE
    _printf_i                                0x00000000   Number         0  stubs.o ABSOLUTE
    _printf_int_dec                          0x00000000   Number         0  stubs.o ABSOLUTE
    _printf_l                                0x00000000   Number         0  stubs.o ABSOLUTE
    _printf_lc                               0x00000000   Number         0  stubs.o ABSOLUTE
    _printf_ll                               0x00000000   Number         0  stubs.o ABSOLUTE
    _printf_lld                              0x00000000   Number         0  stubs.o ABSOLUTE
    _printf_lli                              0x00000000   Number         0  stubs.o ABSOLUTE
    _printf_llo                              0x00000000   Number         0  stubs.o ABSOLUTE
    _printf_llu                              0x00000000   Number         0  stubs.o ABSOLUTE
    _printf_llx                              0x00000000   Number         0  stubs.o ABSOLUTE
    _printf_longlong_dec                     0x00000000   Number         0  stubs.o ABSOLUTE
    _printf_longlong_hex                     0x00000000   Number         0  stubs.o ABSOLUTE
    _printf_longlong_oct                     0x00000000   Number         0  stubs.o ABSOLUTE
    _printf_ls                               0x00000000   Number         0  stubs.o ABSOLUTE
    _printf_mbtowc                           0x00000000   Number         0  stubs.o ABSOLUTE
    _printf_n                                0x00000000   Number         0  stubs.o ABSOLUTE
    _printf_o                                0x00000000   Number         0  stubs.o ABSOLUTE
    _printf_p                                0x00000000   Number         0  stubs.o ABSOLUTE
    _printf_percent                          0x00000000   Number         0  stubs.o ABSOLUTE
    _printf_pre_padding                      0x00000000   Number         0  stubs.o ABSOLUTE
    _printf_return_value                     0x00000000   Number         0  stubs.o ABSOLUTE
    _printf_s                                0x00000000   Number         0  stubs.o ABSOLUTE
    _printf_sizespec                         0x00000000   Number         0  stubs.o ABSOLUTE
    _printf_str                              0x00000000   Number         0  stubs.o ABSOLUTE
    _printf_truncate_signed                  0x00000000   Number         0  stubs.o ABSOLUTE
    _printf_truncate_unsigned                0x00000000   Number         0  stubs.o ABSOLUTE
    _printf_u                                0x00000000   Number         0  stubs.o ABSOLUTE
    _printf_wc                               0x00000000   Number         0  stubs.o ABSOLUTE
    _printf_wctomb                           0x00000000   Number         0  stubs.o ABSOLUTE
    _printf_widthprec                        0x00000000   Number         0  stubs.o ABSOLUTE
    _printf_x                                0x00000000   Number         0  stubs.o ABSOLUTE
    .bss.os.evflags.cb$$Base                  - Undefined Weak Reference
    .bss.os.evflags.cb$$Limit                 - Undefined Weak Reference
    .bss.os.mempool.cb$$Base                  - Undefined Weak Reference
    .bss.os.mempool.cb$$Limit                 - Undefined Weak Reference
    .bss.os.mutex.cb$$Base                    - Undefined Weak Reference
    .bss.os.mutex.cb$$Limit                   - Undefined Weak Reference
    .bss.os.semaphore.cb$$Base                - Undefined Weak Reference
    .bss.os.semaphore.cb$$Limit               - Undefined Weak Reference
    .bss.os.timer.cb$$Base                    - Undefined Weak Reference
    .bss.os.timer.cb$$Limit                   - Undefined Weak Reference
    __cpp_initialize__aeabi_                  - Undefined Weak Reference
    __cxa_finalize                            - Undefined Weak Reference
    _clock_init                               - Undefined Weak Reference
    _microlib_exit                            - Undefined Weak Reference
    __main                                   0x000000cd   Thumb Code     0  entry.o(.ARM.Collect$$$$00000000)
    _main_stk                                0x000000cd   Thumb Code     0  entry2.o(.ARM.Collect$$$$00000001)
    _main_scatterload                        0x000000d1   Thumb Code     0  entry5.o(.ARM.Collect$$$$00000004)
    __main_after_scatterload                 0x000000d5   Thumb Code     0  entry5.o(.ARM.Collect$$$$00000004)
    _main_clock                              0x000000d5   Thumb Code     0  entry7b.o(.ARM.Collect$$$$00000008)
    _main_cpp_init                           0x000000d5   Thumb Code     0  entry8b.o(.ARM.Collect$$$$0000000A)
    _main_init                               0x000000d5   Thumb Code     0  entry9a.o(.ARM.Collect$$$$0000000B)
    __rt_final_cpp                           0x000000dd   Thumb Code     0  entry10a.o(.ARM.Collect$$$$0000000D)
    __rt_final_exit                          0x000000dd   Thumb Code     0  entry11a.o(.ARM.Collect$$$$0000000F)
    Reset_Handler                            0x000000e1   Thumb Code     8  startup_lpc17xx.o(.text)
    NMI_Handler                              0x000000e9   Thumb Code     2  startup_lpc17xx.o(.text)
    HardFault_Handler                        0x000000eb   Thumb Code     2  startup_lpc17xx.o(.text)
    MemManage_Handler                        0x000000ed   Thumb Code     2  startup_lpc17xx.o(.text)
    BusFault_Handler                         0x000000ef   Thumb Code     2  startup_lpc17xx.o(.text)
    UsageFault_Handler                       0x000000f1   Thumb Code     2  startup_lpc17xx.o(.text)
    DebugMon_Handler                         0x000000f5   Thumb Code     2  startup_lpc17xx.o(.text)
    ADC_IRQHandler                           0x000000fb   Thumb Code     0  startup_lpc17xx.o(.text)
    BOD_IRQHandler                           0x000000fb   Thumb Code     0  startup_lpc17xx.o(.text)
    CANActivity_IRQHandler                   0x000000fb   Thumb Code     0  startup_lpc17xx.o(.text)
    CAN_IRQHandler                           0x000000fb   Thumb Code     0  startup_lpc17xx.o(.text)
    DMA_IRQHandler                           0x000000fb   Thumb Code     0  startup_lpc17xx.o(.text)
    EINT0_IRQHandler                         0x000000fb   Thumb Code     0  startup_lpc17xx.o(.text)
    EINT1_IRQHandler                         0x000000fb   Thumb Code     0  startup_lpc17xx.o(.text)
    EINT2_IRQHandler                         0x000000fb   Thumb Code     0  startup_lpc17xx.o(.text)
    EINT3_IRQHandler                         0x000000fb   Thumb Code     0  startup_lpc17xx.o(.text)
    ENET_IRQHandler                          0x000000fb   Thumb Code     0  startup_lpc17xx.o(.text)
    I2C0_IRQHandler                          0x000000fb   Thumb Code     0  startup_lpc17xx.o(.text)
    I2C1_IRQHandler                          0x000000fb   Thumb Code     0  startup_lpc17xx.o(.text)
    I2C2_IRQHandler                          0x000000fb   Thumb Code     0  startup_lpc17xx.o(.text)
    I2S_IRQHandler                           0x000000fb   Thumb Code     0  startup_lpc17xx.o(.text)
    MCPWM_IRQHandler                         0x000000fb   Thumb Code     0  startup_lpc17xx.o(.text)
    PLL0_IRQHandler                          0x000000fb   Thumb Code     0  startup_lpc17xx.o(.text)
    PLL1_IRQHandler                          0x000000fb   Thumb Code     0  startup_lpc17xx.o(.text)
    PWM1_IRQHandler                          0x000000fb   Thumb Code     0  startup_lpc17xx.o(.text)
    QEI_IRQHandler                           0x000000fb   Thumb Code     0  startup_lpc17xx.o(.text)
    RIT_IRQHandler                           0x000000fb   Thumb Code     0  startup_lpc17xx.o(.text)
    RTC_IRQHandler                           0x000000fb   Thumb Code     0  startup_lpc17xx.o(.text)
    SPI_IRQHandler                           0x000000fb   Thumb Code     0  startup_lpc17xx.o(.text)
    SSP0_IRQHandler                          0x000000fb   Thumb Code     0  startup_lpc17xx.o(.text)
    SSP1_IRQHandler                          0x000000fb   Thumb Code     0  startup_lpc17xx.o(.text)
    TIMER0_IRQHandler                        0x000000fb   Thumb Code     0  startup_lpc17xx.o(.text)
    TIMER1_IRQHandler                        0x000000fb   Thumb Code     0  startup_lpc17xx.o(.text)
    TIMER2_IRQHandler                        0x000000fb   Thumb Code     0  startup_lpc17xx.o(.text)
    TIMER3_IRQHandler                        0x000000fb   Thumb Code     0  startup_lpc17xx.o(.text)
    UART2_IRQHandler                         0x000000fb   Thumb Code     0  startup_lpc17xx.o(.text)
    UART3_IRQHandler                         0x000000fb   Thumb Code     0  startup_lpc17xx.o(.text)
    USBActivity_IRQHandler                   0x000000fb   Thumb Code     0  startup_lpc17xx.o(.text)
    USB_IRQHandler                           0x000000fb   Thumb Code     0  startup_lpc17xx.o(.text)
    WDT_IRQHandler                           0x000000fb   Thumb Code     0  startup_lpc17xx.o(.text)
    SVC_Handler                              0x00000105   Thumb Code   108  irq_cm3.o(.text)
    PendSV_Handler                           0x00000171   Thumb Code    16  irq_cm3.o(.text)
    SysTick_Handler                          0x00000181   Thumb Code    16  irq_cm3.o(.text)
    __aeabi_memcpy                           0x00000199   Thumb Code    36  memcpya.o(.text)
    __aeabi_memcpy4                          0x00000199   Thumb Code     0  memcpya.o(.text)
    __aeabi_memcpy8                          0x00000199   Thumb Code     0  memcpya.o(.text)
    __aeabi_memset                           0x000001bd   Thumb Code    14  memseta.o(.text)
    __aeabi_memset4                          0x000001bd   Thumb Code     0  memseta.o(.text)
    __aeabi_memset8                          0x000001bd   Thumb Code     0  memseta.o(.text)
    __aeabi_memclr                           0x000001cb   Thumb Code     4  memseta.o(.text)
    __aeabi_memclr4                          0x000001cb   Thumb Code     0  memseta.o(.text)
    __aeabi_memclr8                          0x000001cb   Thumb Code     0  memseta.o(.text)
    _memset$wrapper                          0x000001cf   Thumb Code    18  memseta.o(.text)
    __aeabi_uidiv                            0x000001e1   Thumb Code     0  uidiv.o(.text)
    __aeabi_uidivmod                         0x000001e1   Thumb Code    44  uidiv.o(.text)
    __scatterload                            0x0000020d   Thumb Code    28  init.o(.text)
    __scatterload_rt2                        0x0000020d   Thumb Code     0  init.o(.text)
    __decompress                             0x00000231   Thumb Code     0  __dczerorl2.o(.text)
    __decompress1                            0x00000231   Thumb Code    86  __dczerorl2.o(.text)
    OS_Tick_AcknowledgeIRQ                   0x000002e5   Thumb Code    12  os_systick.o(.text.OS_Tick_AcknowledgeIRQ)
    OS_Tick_GetIRQn                          0x000002f1   Thumb Code     6  os_systick.o(.text.OS_Tick_GetIRQn)
    osRtxKernelPreInit                       0x000002f7   Thumb Code     2  rtx_kernel.o(.text.osRtxKernelPreInit)
    __scatterload_null                       0x000002f9   Thumb Code     2  handlers.o(i.__scatterload_null)
    OS_Tick_Enable                           0x00000359   Thumb Code    44  os_systick.o(.text.OS_Tick_Enable)
    OS_Tick_Setup                            0x00000385   Thumb Code    64  os_systick.o(.text.OS_Tick_Setup)
    osDelay                                  0x0000047d   Thumb Code    36  rtx_delay.o(.text.osDelay)
    osKernelGetTickFreq                      0x000004a1   Thumb Code    40  rtx_kernel.o(.text.osKernelGetTickFreq)
    osKernelInitialize                       0x000004c9   Thumb Code    44  rtx_kernel.o(.text.osKernelInitialize)
    osKernelStart                            0x000004f5   Thumb Code    36  rtx_kernel.o(.text.osKernelStart)
    osMessageQueueGet                        0x00000519   Thumb Code   108  rtx_msgqueue.o(.text.osMessageQueueGet)
    osMessageQueueNew                        0x00000585   Thumb Code    36  rtx_msgqueue.o(.text.osMessageQueueNew)
    osMessageQueuePut                        0x000005a9   Thumb Code   120  rtx_msgqueue.o(.text.osMessageQueuePut)
    osRtxMemoryAlloc                         0x00000621   Thumb Code   112  rtx_memory.o(.text.osRtxMemoryAlloc)
    osRtxMemoryFree                          0x00000691   Thumb Code    70  rtx_memory.o(.text.osRtxMemoryFree)
    osRtxMemoryInit                          0x000006d7   Thumb Code    60  rtx_memory.o(.text.osRtxMemoryInit)
    osRtxMemoryPoolAlloc                     0x00000713   Thumb Code    58  rtx_mempool.o(.text.osRtxMemoryPoolAlloc)
    osRtxMemoryPoolFree                      0x0000074d   Thumb Code    74  rtx_mempool.o(.text.osRtxMemoryPoolFree)
    osRtxMemoryPoolInit                      0x00000797   Thumb Code    54  rtx_mempool.o(.text.osRtxMemoryPoolInit)
    osRtxMutexOwnerRelease                   0x00000887   Thumb Code    72  rtx_mutex.o(.text.osRtxMutexOwnerRelease)
    osRtxMutexOwnerRestore                   0x000008cf   Thumb Code    66  rtx_mutex.o(.text.osRtxMutexOwnerRestore)
    osRtxPendSV_Handler                      0x00000911   Thumb Code   140  rtx_system.o(.text.osRtxPendSV_Handler)
    osRtxPostProcess                         0x0000099d   Thumb Code   116  rtx_system.o(.text.osRtxPostProcess)
    osRtxThreadDelayTick                     0x00000af9   Thumb Code    76  rtx_thread.o(.text.osRtxThreadDelayTick)
    osRtxThreadDispatch                      0x00000b45   Thumb Code    88  rtx_thread.o(.text.osRtxThreadDispatch)
    osRtxThreadListGet                       0x00000bf5   Thumb Code    18  rtx_thread.o(.text.osRtxThreadListGet)
    osRtxThreadListPut                       0x00000c07   Thumb Code    44  rtx_thread.o(.text.osRtxThreadListPut)
    osRtxThreadListRemove                    0x00000c33   Thumb Code    20  rtx_thread.o(.text.osRtxThreadListRemove)
    osRtxThreadListSort                      0x00000c53   Thumb Code    38  rtx_thread.o(.text.osRtxThreadListSort)
    osRtxThreadReadyPut                      0x00000ca1   Thumb Code    20  rtx_thread.o(.text.osRtxThreadReadyPut)
    osRtxThreadRegPtr                        0x00000cb5   Thumb Code     6  rtx_thread.o(.text.osRtxThreadRegPtr)
    osRtxThreadStackCheck                    0x00000cbd   Thumb Code    40  rtx_thread.o(.text.osRtxThreadStackCheck)
    osRtxThreadStartup                       0x00000ce5   Thumb Code    64  rtx_thread.o(.text.osRtxThreadStartup)
    osRtxThreadSwitch                        0x00000d25   Thumb Code    16  rtx_thread.o(.text.osRtxThreadSwitch)
    osRtxThreadWaitEnter                     0x00000d35   Thumb Code    56  rtx_thread.o(.text.osRtxThreadWaitEnter)
    osRtxThreadWaitExit                      0x00000d6d   Thumb Code    36  rtx_thread.o(.text.osRtxThreadWaitExit)
    osRtxTick_Handler                        0x00000d91   Thumb Code   112  rtx_system.o(.text.osRtxTick_Handler)
    osRtxTimerThread                         0x00000e01   Thumb Code    60  rtx_timer.o(.text.osRtxTimerThread)
    osThreadExit                             0x00000e91   Thumb Code    12  rtx_thread.o(.text.osThreadExit)
    osThreadNew                              0x00000e9d   Thumb Code    36  rtx_thread.o(.text.osThreadNew)
    osThreadYield                            0x00000ec1   Thumb Code    36  rtx_thread.o(.text.osThreadYield)
    Free                                     0x0000161d   Thumb Code     6  uart.o(i.Free)
    FreeRcv                                  0x00001625   Thumb Code    28  uart.o(i.FreeRcv)
    FreeSnd                                  0x00001649   Thumb Code    28  uart.o(i.FreeSnd)
    SystemInit                               0x0000166d   Thumb Code   302  system_lpc17xx.o(i.SystemInit)
    UART0_IRQHandler                         0x000017ad   Thumb Code    88  uart.o(i.UART0_IRQHandler)
    UART1_IRQHandler                         0x00001815   Thumb Code    90  uart.o(i.UART1_IRQHandler)
    UARTInit                                 0x00001885   Thumb Code   176  uart.o(i.UARTInit)
    UARTSendChar                             0x00001941   Thumb Code    26  uart.o(i.UARTSendChar)
    __0printf$1                              0x00001965   Thumb Code    22  printf1.o(i.__0printf$1)
    __1printf$1                              0x00001965   Thumb Code     0  printf1.o(i.__0printf$1)
    __2printf                                0x00001965   Thumb Code     0  printf1.o(i.__0printf$1)
    __scatterload_copy                       0x000019a7   Thumb Code    14  handlers.o(i.__scatterload_copy)
    __scatterload_zeroinit                   0x000019b5   Thumb Code    14  handlers.o(i.__scatterload_zeroinit)
    client                                   0x00001b19   Thumb Code   150  main.o(i.client)
    fputc                                    0x00001bd9   Thumb Code    14  retarget.o(i.fputc)
    getFrequency                             0x00001be9   Thumb Code    62  uart.o(i.getFrequency)
    getTicks                                 0x00001c31   Thumb Code    26  main.o(i.getTicks)
    lfsr113                                  0x00001c4d   Thumb Code   128  lfsr113.o(i.lfsr113)
    main                                     0x00001cdd   Thumb Code    90  main.o(i.main)
    monitor                                  0x00001d51   Thumb Code    74  main.o(i.monitor)
    next_event                               0x00001dd5   Thumb Code    16  random.o(i.next_event)
    osRtxErrorNotify                         0x00001de9   Thumb Code    32  rtx_config.o(i.osRtxErrorNotify)
    osRtxIdleThread                          0x00001e09   Thumb Code     4  rtx_config.o(i.osRtxIdleThread)
    sendchar                                 0x00001e0d   Thumb Code    64  retarget.o(i.sendchar)
    server                                   0x00001e51   Thumb Code    76  main.o(i.server)
    osRtxUserSVC                             0x00001f14   Data           4  rtx_lib.o(.constdata)
    osRtxConfig                              0x00001fa0   Data         104  rtx_lib.o(.rodata)
    os_cb_sections                           0x00002008   Data          56  rtx_lib.o(.rodata)
    Region$$Table$$Base                      0x0000204c   Number         0  anon$$obj.o(Region$$Table)
    Region$$Table$$Limit                     0x0000206c   Number         0  anon$$obj.o(Region$$Table)
    .bss.os.msgqueue.cb$$Base                0x10001040   Number         0  rtx_lib.o(.bss.os.msgqueue.cb)
    .bss.os.msgqueue.cb$$Limit               0x10001074   Number         0  rtx_lib.o(.bss.os.msgqueue.cb)
    .bss.os.thread.cb$$Base                  0x100010c4   Number         0  rtx_lib.o(.bss.os.thread.cb)
    .bss.os.thread.cb$$Limit                 0x1000114c   Number         0  rtx_lib.o(.bss.os.thread.cb)
    uart_init_called                         0x10001350   Data           1  retarget.o(.data)
    __stdout                                 0x10001354   Data           4  retarget.o(.data)
    __stdin                                  0x10001358   Data           4  retarget.o(.data)
    ITM_RxBuffer                             0x1000135c   Data           4  uart.o(.data)
    UART0Status                              0x10001360   Data           4  uart.o(.data)
    UART1Status                              0x10001364   Data           4  uart.o(.data)
    UART0TxEmpty                             0x10001368   Data           1  uart.o(.data)
    UART1TxEmpty                             0x10001369   Data           1  uart.o(.data)
    UART0Count                               0x1000136c   Data           4  uart.o(.data)
    UART1Count                               0x10001370   Data           4  uart.o(.data)
    RcvLock0                                 0x10001374   Data           1  uart.o(.data)
    SndLock0                                 0x10001375   Data           1  uart.o(.data)
    RcvLock1                                 0x10001376   Data           1  uart.o(.data)
    SndLock1                                 0x10001377   Data           1  uart.o(.data)
    i                                        0x10001378   Data           4  uart.o(.data)
    ARRIVALRATE                              0x1000137c   Data           4  main.o(.data)
    SERVICERATE                              0x10001380   Data           4  main.o(.data)
    QSIZE                                    0x10001384   Data           4  main.o(.data)
    msg                                      0x10001388   Data           4  main.o(.data)
    currentClient                            0x1000138c   Data           4  main.o(.data)
    MAXCLIENTS                               0x10001390   Data           4  main.o(.data)
    totalRecieved1                           0x10001394   Data           4  main.o(.data)
    totalOverflow1                           0x10001398   Data           4  main.o(.data)
    totalSent1                               0x1000139c   Data           4  main.o(.data)
    totalRecieved2                           0x100013a0   Data           4  main.o(.data)
    totalOverflow2                           0x100013a4   Data           4  main.o(.data)
    totalSent2                               0x100013a8   Data           4  main.o(.data)
    currentTime                              0x100013ac   Data           4  main.o(.data)
    q1                                       0x100013b0   Data           4  main.o(.data)
    q2                                       0x100013b4   Data           4  main.o(.data)
    SystemCoreClock                          0x100017c8   Data           4  system_lpc17xx.o(.data)
    osRtxInfo                                0x100017cc   Data         164  rtx_kernel.o(.data.os)
    UART0Buffer                              0x10001870   Data          64  uart.o(.bss)
    UART1Buffer                              0x100018b0   Data          64  uart.o(.bss)
    __initial_sp                             0x100038f8   Data           0  startup_lpc17xx.o(STACK)



==============================================================================

Memory Map of the image

  Image Entry point : 0x000000e1

  Load Region LR_1 (Base: 0x00000000, Size: 0x000038dc, Max: 0xffffffff, ABSOLUTE, COMPRESSED[0x00002410])

    Execution Region ER_RO (Exec base: 0x00000000, Load base: 0x00000000, Size: 0x0000206c, Max: 0xffffffff, ABSOLUTE)

    Exec Addr    Load Addr    Size         Type   Attr      Idx    E Section Name        Object

    0x00000000   0x00000000   0x000000cc   Data   RO          397    RESET               startup_lpc17xx.o
    0x000000cc   0x000000cc   0x00000000   Code   RO          909  * .ARM.Collect$$$$00000000  mc_w.l(entry.o)
    0x000000cc   0x000000cc   0x00000004   Code   RO         1181    .ARM.Collect$$$$00000001  mc_w.l(entry2.o)
    0x000000d0   0x000000d0   0x00000004   Code   RO         1184    .ARM.Collect$$$$00000004  mc_w.l(entry5.o)
    0x000000d4   0x000000d4   0x00000000   Code   RO         1186    .ARM.Collect$$$$00000008  mc_w.l(entry7b.o)
    0x000000d4   0x000000d4   0x00000000   Code   RO         1188    .ARM.Collect$$$$0000000A  mc_w.l(entry8b.o)
    0x000000d4   0x000000d4   0x00000008   Code   RO         1189    .ARM.Collect$$$$0000000B  mc_w.l(entry9a.o)
    0x000000dc   0x000000dc   0x00000000   Code   RO         1191    .ARM.Collect$$$$0000000D  mc_w.l(entry10a.o)
    0x000000dc   0x000000dc   0x00000000   Code   RO         1193    .ARM.Collect$$$$0000000F  mc_w.l(entry11a.o)
    0x000000dc   0x000000dc   0x00000004   Code   RO         1182    .ARM.Collect$$$$00002712  mc_w.l(entry2.o)
    0x000000e0   0x000000e0   0x00000024   Code   RO          399  * .text               startup_lpc17xx.o
    0x00000104   0x00000104   0x00000094   Code   RO          716    .text               RTX_CM3.lib(irq_cm3.o)
    0x00000198   0x00000198   0x00000024   Code   RO          914    .text               mc_w.l(memcpya.o)
    0x000001bc   0x000001bc   0x00000024   Code   RO          916    .text               mc_w.l(memseta.o)
    0x000001e0   0x000001e0   0x0000002c   Code   RO         1195    .text               mc_w.l(uidiv.o)
    0x0000020c   0x0000020c   0x00000024   Code   RO         1212    .text               mc_w.l(init.o)
    0x00000230   0x00000230   0x00000056   Code   RO         1226    .text               mc_w.l(__dczerorl2.o)
    0x00000286   0x00000286   0x00000040   Code   RO          699    .text.MessageQueueGet  RTX_CM3.lib(rtx_msgqueue.o)
    0x000002c6   0x000002c6   0x0000001c   Code   RO          691    .text.MessageQueueRemove  RTX_CM3.lib(rtx_msgqueue.o)
    0x000002e2   0x000002e2   0x00000002   PAD
    0x000002e4   0x000002e4   0x0000000c   Code   RO          888    .text.OS_Tick_AcknowledgeIRQ  RTX_CM3.lib(os_systick.o)
    0x000002f0   0x000002f0   0x00000006   Code   RO          890    .text.OS_Tick_GetIRQn  RTX_CM3.lib(os_systick.o)
    0x000002f6   0x000002f6   0x00000002   Code   RO          442    .text.osRtxKernelPreInit  RTX_CM3.lib(rtx_kernel.o)
    0x000002f8   0x000002f8   0x00000002   Code   RO         1221    i.__scatterload_null  mc_w.l(handlers.o)
    0x000002fa   0x000002fa   0x00000002   PAD
    0x000002fc   0x000002fc   0x00000004   Code   RO          398    .ARM.__at_0x02FC    startup_lpc17xx.o
    0x00000300   0x00000300   0x00000058   Code   RO          693    .text.MessageQueuePut  RTX_CM3.lib(rtx_msgqueue.o)
    0x00000358   0x00000358   0x0000002c   Code   RO          884    .text.OS_Tick_Enable  RTX_CM3.lib(os_systick.o)
    0x00000384   0x00000384   0x00000040   Code   RO          882    .text.OS_Tick_Setup  RTX_CM3.lib(os_systick.o)
    0x000003c4   0x000003c4   0x0000006e   Code   RO          589    .text.ThreadFlagsCheck  RTX_CM3.lib(rtx_thread.o)
    0x00000432   0x00000432   0x00000002   PAD
    0x00000434   0x00000434   0x00000048   Code   RO          737    .text.TimerInsert   RTX_CM3.lib(rtx_timer.o)
    0x0000047c   0x0000047c   0x00000024   Code   RO          642    .text.osDelay       RTX_CM3.lib(rtx_delay.o)
    0x000004a0   0x000004a0   0x00000028   Code   RO          470    .text.osKernelGetTickFreq  RTX_CM3.lib(rtx_kernel.o)
    0x000004c8   0x000004c8   0x0000002c   Code   RO          444    .text.osKernelInitialize  RTX_CM3.lib(rtx_kernel.o)
    0x000004f4   0x000004f4   0x00000024   Code   RO          454    .text.osKernelStart  RTX_CM3.lib(rtx_kernel.o)
    0x00000518   0x00000518   0x0000006c   Code   RO          665    .text.osMessageQueueGet  RTX_CM3.lib(rtx_msgqueue.o)
    0x00000584   0x00000584   0x00000024   Code   RO          659    .text.osMessageQueueNew  RTX_CM3.lib(rtx_msgqueue.o)
    0x000005a8   0x000005a8   0x00000078   Code   RO          663    .text.osMessageQueuePut  RTX_CM3.lib(rtx_msgqueue.o)
    0x00000620   0x00000620   0x00000070   Code   RO          801    .text.osRtxMemoryAlloc  RTX_CM3.lib(rtx_memory.o)
    0x00000690   0x00000690   0x00000046   Code   RO          803    .text.osRtxMemoryFree  RTX_CM3.lib(rtx_memory.o)
    0x000006d6   0x000006d6   0x0000003c   Code   RO          799    .text.osRtxMemoryInit  RTX_CM3.lib(rtx_memory.o)
    0x00000712   0x00000712   0x0000003a   Code   RO          816    .text.osRtxMemoryPoolAlloc  RTX_CM3.lib(rtx_mempool.o)
    0x0000074c   0x0000074c   0x0000004a   Code   RO          818    .text.osRtxMemoryPoolFree  RTX_CM3.lib(rtx_mempool.o)
    0x00000796   0x00000796   0x00000036   Code   RO          814    .text.osRtxMemoryPoolInit  RTX_CM3.lib(rtx_mempool.o)
    0x000007cc   0x000007cc   0x000000ba   Code   RO          689    .text.osRtxMessageQueuePostProcess  RTX_CM3.lib(rtx_msgqueue.o)
    0x00000886   0x00000886   0x00000048   Code   RO          762    .text.osRtxMutexOwnerRelease  RTX_CM3.lib(rtx_mutex.o)
    0x000008ce   0x000008ce   0x00000042   Code   RO          764    .text.osRtxMutexOwnerRestore  RTX_CM3.lib(rtx_mutex.o)
    0x00000910   0x00000910   0x0000008c   Code   RO          869    .text.osRtxPendSV_Handler  RTX_CM3.lib(rtx_system.o)
    0x0000099c   0x0000099c   0x00000074   Code   RO          871    .text.osRtxPostProcess  RTX_CM3.lib(rtx_system.o)
    0x00000a10   0x00000a10   0x00000038   Code   RO          529    .text.osRtxThreadBlock  RTX_CM3.lib(rtx_thread.o)
    0x00000a48   0x00000a48   0x00000074   Code   RO          537    .text.osRtxThreadDelayInsert  RTX_CM3.lib(rtx_thread.o)
    0x00000abc   0x00000abc   0x0000003c   Code   RO          533    .text.osRtxThreadDelayRemove  RTX_CM3.lib(rtx_thread.o)
    0x00000af8   0x00000af8   0x0000004c   Code   RO          517    .text.osRtxThreadDelayTick  RTX_CM3.lib(rtx_thread.o)
    0x00000b44   0x00000b44   0x00000058   Code   RO          527    .text.osRtxThreadDispatch  RTX_CM3.lib(rtx_thread.o)
    0x00000b9c   0x00000b9c   0x00000058   Code   RO          613    .text.osRtxThreadFree  RTX_CM3.lib(rtx_thread.o)
    0x00000bf4   0x00000bf4   0x00000012   Code   RO          509    .text.osRtxThreadListGet  RTX_CM3.lib(rtx_thread.o)
    0x00000c06   0x00000c06   0x0000002c   Code   RO          507    .text.osRtxThreadListPut  RTX_CM3.lib(rtx_thread.o)
    0x00000c32   0x00000c32   0x00000014   Code   RO          513    .text.osRtxThreadListRemove  RTX_CM3.lib(rtx_thread.o)
    0x00000c46   0x00000c46   0x0000000c   Code   RO          519    .text.osRtxThreadListRoot  RTX_CM3.lib(rtx_thread.o)
    0x00000c52   0x00000c52   0x00000026   Code   RO          511    .text.osRtxThreadListSort  RTX_CM3.lib(rtx_thread.o)
    0x00000c78   0x00000c78   0x00000028   Code   RO          587    .text.osRtxThreadPostProcess  RTX_CM3.lib(rtx_thread.o)
    0x00000ca0   0x00000ca0   0x00000014   Code   RO          515    .text.osRtxThreadReadyPut  RTX_CM3.lib(rtx_thread.o)
    0x00000cb4   0x00000cb4   0x00000006   Code   RO          521    .text.osRtxThreadRegPtr  RTX_CM3.lib(rtx_thread.o)
    0x00000cba   0x00000cba   0x00000002   PAD
    0x00000cbc   0x00000cbc   0x00000028   Code   RO          525    .text.osRtxThreadStackCheck  RTX_CM3.lib(rtx_thread.o)
    0x00000ce4   0x00000ce4   0x00000040   Code   RO          539    .text.osRtxThreadStartup  RTX_CM3.lib(rtx_thread.o)
    0x00000d24   0x00000d24   0x00000010   Code   RO          523    .text.osRtxThreadSwitch  RTX_CM3.lib(rtx_thread.o)
    0x00000d34   0x00000d34   0x00000038   Code   RO          535    .text.osRtxThreadWaitEnter  RTX_CM3.lib(rtx_thread.o)
    0x00000d6c   0x00000d6c   0x00000024   Code   RO          531    .text.osRtxThreadWaitExit  RTX_CM3.lib(rtx_thread.o)
    0x00000d90   0x00000d90   0x00000070   Code   RO          867    .text.osRtxTick_Handler  RTX_CM3.lib(rtx_system.o)
    0x00000e00   0x00000e00   0x0000003c   Code   RO          721    .text.osRtxTimerThread  RTX_CM3.lib(rtx_timer.o)
    0x00000e3c   0x00000e3c   0x00000054   Code   RO          723    .text.osRtxTimerTick  RTX_CM3.lib(rtx_timer.o)
    0x00000e90   0x00000e90   0x0000000c   Code   RO          571    .text.osThreadExit  RTX_CM3.lib(rtx_thread.o)
    0x00000e9c   0x00000e9c   0x00000024   Code   RO          543    .text.osThreadNew   RTX_CM3.lib(rtx_thread.o)
    0x00000ec0   0x00000ec0   0x00000024   Code   RO          561    .text.osThreadYield  RTX_CM3.lib(rtx_thread.o)
    0x00000ee4   0x00000ee4   0x00000014   Code   RO          646    .text.svcRtxDelay   RTX_CM3.lib(rtx_delay.o)
    0x00000ef8   0x00000ef8   0x0000000c   Code   RO          472    .text.svcRtxKernelGetTickFreq  RTX_CM3.lib(rtx_kernel.o)
    0x00000f04   0x00000f04   0x00000150   Code   RO          482    .text.svcRtxKernelInitialize  RTX_CM3.lib(rtx_kernel.o)
    0x00001054   0x00001054   0x00000088   Code   RO          484    .text.svcRtxKernelStart  RTX_CM3.lib(rtx_kernel.o)
    0x000010dc   0x000010dc   0x000000e0   Code   RO          701    .text.svcRtxMessageQueueGet  RTX_CM3.lib(rtx_msgqueue.o)
    0x000011bc   0x000011bc   0x00000130   Code   RO          687    .text.svcRtxMessageQueueNew  RTX_CM3.lib(rtx_msgqueue.o)
    0x000012ec   0x000012ec   0x000000c0   Code   RO          697    .text.svcRtxMessageQueuePut  RTX_CM3.lib(rtx_msgqueue.o)
    0x000013ac   0x000013ac   0x00000068   Code   RO          617    .text.svcRtxThreadExit  RTX_CM3.lib(rtx_thread.o)
    0x00001414   0x00001414   0x000001d0   Code   RO          541    .text.svcRtxThreadNew  RTX_CM3.lib(rtx_thread.o)
    0x000015e4   0x000015e4   0x00000038   Code   RO          603    .text.svcRtxThreadYield  RTX_CM3.lib(rtx_thread.o)
    0x0000161c   0x0000161c   0x00000006   Code   RO           73    i.Free              uart.o
    0x00001622   0x00001622   0x00000002   PAD
    0x00001624   0x00001624   0x00000024   Code   RO           74    i.FreeRcv           uart.o
    0x00001648   0x00001648   0x00000024   Code   RO           75    i.FreeSnd           uart.o
    0x0000166c   0x0000166c   0x00000140   Code   RO          409    i.SystemInit        system_lpc17xx.o
    0x000017ac   0x000017ac   0x00000068   Code   RO           79    i.UART0_IRQHandler  uart.o
    0x00001814   0x00001814   0x00000070   Code   RO           80    i.UART1_IRQHandler  uart.o
    0x00001884   0x00001884   0x000000bc   Code   RO           81    i.UARTInit          uart.o
    0x00001940   0x00001940   0x00000024   Code   RO           85    i.UARTSendChar      uart.o
    0x00001964   0x00001964   0x00000020   Code   RO          965    i.__0printf$1       mc_w.l(printf1.o)
    0x00001984   0x00001984   0x00000022   Code   RO           86    i.__NVIC_EnableIRQ  uart.o
    0x000019a6   0x000019a6   0x0000000e   Code   RO         1220    i.__scatterload_copy  mc_w.l(handlers.o)
    0x000019b4   0x000019b4   0x0000000e   Code   RO         1222    i.__scatterload_zeroinit  mc_w.l(handlers.o)
    0x000019c2   0x000019c2   0x00000002   PAD
    0x000019c4   0x000019c4   0x00000154   Code   RO          972    i._printf_core      mc_w.l(printf1.o)
    0x00001b18   0x00001b18   0x000000c0   Code   RO          207    i.client            main.o
    0x00001bd8   0x00001bd8   0x0000000e   Code   RO            5    i.fputc             retarget.o
    0x00001be6   0x00001be6   0x00000002   PAD
    0x00001be8   0x00001be8   0x00000048   Code   RO           87    i.getFrequency      uart.o
    0x00001c30   0x00001c30   0x0000001a   Code   RO          208    i.getTicks          main.o
    0x00001c4a   0x00001c4a   0x00000002   PAD
    0x00001c4c   0x00001c4c   0x00000090   Code   RO          292    i.lfsr113           lfsr113.o
    0x00001cdc   0x00001cdc   0x00000074   Code   RO          209    i.main              main.o
    0x00001d50   0x00001d50   0x00000084   Code   RO          210    i.monitor           main.o
    0x00001dd4   0x00001dd4   0x00000014   Code   RO          306    i.next_event        random.o
    0x00001de8   0x00001de8   0x00000020   Code   RO          368    i.osRtxErrorNotify  rtx_config.o
    0x00001e08   0x00001e08   0x00000004   Code   RO          369    i.osRtxIdleThread   rtx_config.o
    0x00001e0c   0x00001e0c   0x00000044   Code   RO            7    i.sendchar          retarget.o
    0x00001e50   0x00001e50   0x00000064   Code   RO          211    i.server            main.o
    0x00001eb4   0x00001eb4   0x00000064   Data   RO          328    .constdata          rtx_lib.o
    0x00001f18   0x00001f18   0x00000086   Data   RO          212    .conststring        main.o
    0x00001f9e   0x00001f9e   0x00000002   PAD
    0x00001fa0   0x00001fa0   0x000000a0   Data   RO          330    .rodata             rtx_lib.o
    0x00002040   0x00002040   0x0000000b   Data   RO          496    .rodata.str1.4      RTX_CM3.lib(rtx_kernel.o)
    0x0000204b   0x0000204b   0x00000001   PAD
    0x0000204c   0x0000204c   0x00000020   Data   RO         1218    Region$$Table       anon$$obj.o


    Execution Region ER_RW (Exec base: 0x10000000, Load base: 0x0000206c, Size: 0x00001870, Max: 0xffffffff, ABSOLUTE, COMPRESSED[0x000003a4])

    Exec Addr    Load Addr    Size         Type   Attr      Idx    E Section Name        Object

    0x10000000   COMPRESSED   0x00001040   Data   RW          323    .bss.os             rtx_lib.o
    0x10001040   COMPRESSED   0x00000034   Data   RW          324    .bss.os.msgqueue.cb  rtx_lib.o
    0x10001074   COMPRESSED   0x00000050   Data   RW          325    .bss.os.msgqueue.mem  rtx_lib.o
    0x100010c4   COMPRESSED   0x00000088   Data   RW          326    .bss.os.thread.cb   rtx_lib.o
    0x1000114c   COMPRESSED   0x00000004   PAD
    0x10001150   COMPRESSED   0x00000200   Data   RW          327    .bss.os.thread.stack  rtx_lib.o
    0x10001350   COMPRESSED   0x0000000c   Data   RW            8    .data               retarget.o
    0x1000135c   COMPRESSED   0x00000020   Data   RW           89    .data               uart.o
    0x1000137c   COMPRESSED   0x0000003c   Data   RW          213    .data               main.o
    0x100013b8   COMPRESSED   0x00000010   Data   RW          293    .data               lfsr113.o
    0x100013c8   COMPRESSED   0x00000400   Data   RW          307    .data               random.o
    0x100017c8   COMPRESSED   0x00000004   Data   RW          410    .data               system_lpc17xx.o
    0x100017cc   COMPRESSED   0x000000a4   Data   RW          497    .data.os            RTX_CM3.lib(rtx_kernel.o)


    Execution Region ER_ZI (Exec base: 0x10001870, Load base: 0x00002410, Size: 0x00002088, Max: 0xffffffff, ABSOLUTE)

    Exec Addr    Load Addr    Size         Type   Attr      Idx    E Section Name        Object

    0x10001870        -       0x00000080   Zero   RW           88    .bss                uart.o
    0x100018f0        -       0x00000001   Zero   RW          900    .bss.PendST         RTX_CM3.lib(os_systick.o)
    0x100018f1   0x00002410   0x00000007   PAD
    0x100018f8        -       0x00002000   Zero   RW          395    STACK               startup_lpc17xx.o


==============================================================================

Image component sizes


      Code (inc. data)   RO Data    RW Data    ZI Data      Debug   Object Name

       144         16          0         16          0        658   lfsr113.o
       566        150        134         60          0       6831   main.o
        20          4          0       1024          0        957   random.o
        82          4          0         12          0       7486   retarget.o
        36          6          0          0          0        981   rtx_config.o
         0          0        260       4940          0       9178   rtx_lib.o
        40         12        204          0       8192       1016   startup_lpc17xx.o
       320         18          0          4          0        831   system_lpc17xx.o
       624         86          0         32        128      22779   uart.o

    ----------------------------------------------------------------------
      1838        296        632       6092       8320      50717   Object Totals
         0          0         32          0          0          0   (incl. Generated)
         6          0          2          4          0          0   (incl. Padding)

    ----------------------------------------------------------------------

      Code (inc. data)   RO Data    RW Data    ZI Data      Debug   Library Member Name

       148         10          0          0          0        488   irq_cm3.o
       126         32          0          0          1       3105   os_systick.o
        56          4          0          0          0       2854   rtx_delay.o
       606         48         11        164          0      17231   rtx_kernel.o
       242          0          0          0          0       2478   rtx_memory.o
       186          0          0          0          0      16576   rtx_mempool.o
      1350         28          0          0          0      18694   rtx_msgqueue.o
       138          0          0          0          0      10004   rtx_mutex.o
       368         26          0          0          0       5437   rtx_system.o
      1712        100          0          0          0      32739   rtx_thread.o
       216         20          0          0          0      10445   rtx_timer.o
        86          0          0          0          0          0   __dczerorl2.o
         0          0          0          0          0          0   entry.o
         0          0          0          0          0          0   entry10a.o
         0          0          0          0          0          0   entry11a.o
         8          4          0          0          0          0   entry2.o
         4          0          0          0          0          0   entry5.o
         0          0          0          0          0          0   entry7b.o
         0          0          0          0          0          0   entry8b.o
         8          4          0          0          0          0   entry9a.o
        30          0          0          0          0          0   handlers.o
        36          8          0          0          0         68   init.o
        36          0          0          0          0         68   memcpya.o
        36          0          0          0          0        108   memseta.o
       372         14          0          0          0        184   printf1.o
        44          0          0          0          0         80   uidiv.o

    ----------------------------------------------------------------------
      5818        298         12        164          8     120559   Library Totals
        10          0          1          0          7          0   (incl. Padding)

    ----------------------------------------------------------------------

      Code (inc. data)   RO Data    RW Data    ZI Data      Debug   Library Name

      5148        268         11        164          1     120051   RTX_CM3.lib
       660         30          0          0          0        508   mc_w.l

    ----------------------------------------------------------------------
      5818        298         12        164          8     120559   Library Totals

    ----------------------------------------------------------------------

==============================================================================


      Code (inc. data)   RO Data    RW Data    ZI Data      Debug   

      7656        594        644       6256       8328     170168   Grand Totals
      7656        594        644        932       8328     170168   ELF Image Totals (compressed)
      7656        594        644        932          0          0   ROM Totals

==============================================================================

    Total RO  Size (Code + RO Data)                 8300 (   8.11kB)
    Total RW  Size (RW Data + ZI Data)             14584 (  14.24kB)
    Total ROM Size (Code + RO Data + RW Data)       9232 (   9.02kB)

==============================================================================

